2026-08-27T00:00:01Z|39a0aa88-9671-43b4-a4bf-309f4bc3715e|9fec1647919399a05ce811333ac3236ef5378bd4eca4f2388a40520c176377e9|baseball_mlb|moneyline|2026-08-27T23:15:00Z
2026-08-27T00:30:02Z|2093bf8a-2f4e-4f68-a0d9-79d64ec6d35d|59830787c77781b216295bc79b07f66d03c75359cac16e250689f68a8fe66078|baseball_mlb|total|2026-08-27T23:05:00Z
2026-08-27T01:00:01Z|0e42eb14-ac67-49d7-a93a-c8b734e1f9a6|51669dc3e308c14f83c04449e8459a14fb908a7d4ef89cdba76a7bc66d304a26|baseball_mlb|moneyline|2026-08-27T23:05:00Z
2026-08-27T01:00:01Z|cbfb62b3-6b06-4b5f-8795-c2093661bd09|0d5405ce3b2cfa04231ef6551c6b3f08c028258db04fd1530f821b04c14ca128|baseball_mlb|moneyline|2026-08-27T23:07:00Z
2026-08-27T02:30:01Z|e3eff87e-a6ec-4e9d-a3e1-03ae230d9343|b5b43af59548d5157886ec6c39ce8bf0c144203b040faac92a7e4c2069d466c7|baseball_mlb|spread|2026-08-27T23:15:00Z
2026-08-27T04:30:01Z|e95922e1-1f61-4705-bab0-abb033da34e7|db2338a4f17dcbe27ce2d0dcab898be373cab029f0ba9bac7a7add003d883e46|baseball_mlb|spread|2026-08-27T23:07:00Z
2026-08-27T05:30:01Z|10a4ec58-31d8-43d9-a033-8b8fcf185af3|312e6ed6455fdda14cacf729888bd3d4c6ab1e714fab8c92965bf3bf420ae7f9|baseball_mlb|spread|2026-08-27T17:05:00Z
2026-08-27T06:00:01Z|7620ed36-7b44-4250-bcbe-105e0c5a9b4b|54f809f6a98f879fbb34013c1b8dd22a11581164b1ffda56898199f60766a094|baseball_mlb|spread|2026-08-27T18:15:00Z
2026-08-27T07:30:01Z|62873a2e-a2a7-4ef4-be84-62a907be9017|b0e509f35c07a244a5a7b0ca6ca6dbd3b11f946bfe47a10bee523bfa7e05ab76|baseball_mlb|spread|2026-08-27T23:10:00Z
2026-08-27T07:30:01Z|6d350461-663c-49fe-a38a-fd83bf1b70b2|2927e251d9bfd557c1a41d590c86bbe58cdd8a75a1df311b00b5a1864d23d212|baseball_mlb|spread|2026-08-27T23:15:00Z
2026-08-27T08:00:01Z|e70df1da-40d9-48e7-b1ec-c6f365d367ae|b22c1664503e9f79e852c6bac079db4f9a27aa37e910f9e145469475bb677cb4|baseball_mlb|spread|2026-08-27T23:07:00Z
2026-08-27T08:30:01Z|5b8e8579-e401-498e-a1a7-ebf84d13e530|84fa29fb29ec3cf1a70ae6d3b6cfcd74a35ffb9ac6ebcc4df90cf73f55f621b3|baseball_mlb|spread|2026-08-27T23:05:00Z
2026-08-27T09:30:02Z|24190c9f-1ce0-466b-8aae-36f13d24d7b9|bb494fcc53a1b118de83e805dedfe67ddff4097f91271775e422ac4f5e6b720b|baseball_mlb|spread|2026-08-27T18:15:00Z
2026-08-27T09:30:02Z|7be37d2c-4c23-4128-bcaa-3d5a4ba822c8|c2fd4bc344f70c512ef13668709df0efe3b6a517fb1ba6e9cf93c7179b61bc97|baseball_mlb|spread|2026-08-27T17:05:00Z
2026-08-27T10:30:02Z|be2dd46a-b4e6-4391-962b-b42633b44e4f|e9e9d5b8248f8e42135ca417200bcb96042939adf7d4f47ea42d7c80f5be31b3|baseball_mlb|spread|2026-08-27T23:05:00Z
2026-08-27T11:30:01Z|f2839d84-7b9e-4fa4-8082-99377d173e24|829b1c14928d47fc5e525345d5cb18b52e4fe8f4cff5e7dd1cd0ecd2a8a78288|baseball_mlb|spread|2026-08-28T01:45:00Z
2026-08-27T12:00:01Z|2d18c0ca-c63d-42df-9b9a-48ba9eb7470a|0b264a62651d51590d89d158441233f067d921a1569b7823a450231b2437fa22|baseball_mlb|spread|2026-08-27T23:07:00Z
2026-08-27T12:30:01Z|6cd5a30a-fef1-4128-9dbf-434131deca3d|077f56ae6e3ac8e973863b3355d214c2d87c49bee9d0ec2233a78ac10f2172a6|baseball_mlb|spread|2026-08-27T17:05:00Z
2026-08-27T14:00:02Z|98ecc2ef-a1ce-4841-92dc-d664d01c42fc|9baf9903e66f188be5f178e3d5681265f0c2b4a627f9ee17f7eddabeba4b04ef|baseball_mlb|spread|2026-08-28T01:45:00Z
2026-08-27T15:00:02Z|da481e37-f7f4-4751-90dd-f34a55695404|cf9ec9a79f5d86a73f2321a8e8ea58fb83af4a687ff49099625c74a66b2f3dfd|baseball_mlb|spread|2026-08-27T18:15:00Z
2026-08-27T17:30:02Z|fd6ca8ed-20bc-450b-a7f5-df31b91862ab|d6e960d78468639f79086abbfed644f3f0b5b5175cdaeb720a3aa373a3710b4b|baseball_mlb|spread|2026-08-27T23:15:00Z
2026-08-27T20:00:01Z|24c4a2ff-f917-4c0d-bd26-5b7dfd063448|8f189974338a58d3c2584298939fcfaa65fc907fb8c51e7ed2bd2ecf9400905c|baseball_mlb|moneyline|2026-08-28T01:45:00Z
2026-08-27T21:00:02Z|a53573e0-ac3c-4134-b789-37dbe57c1b99|47f1a2de9df4370e06ab70bcab424b4c542791257801548e003d2b05f2aa9123|baseball_mlb|spread|2026-08-28T18:20:00Z
2026-08-27T21:00:02Z|ea6150bc-1f19-44cc-9a36-6f6781941bde|77066a7c0f54068b3cd6e6eb898ebb08913a3d27422b217ea7ce2b548255c280|baseball_mlb|spread|2026-08-28T23:10:00Z
2026-08-27T21:00:02Z|1003c51d-e3fc-47c7-b5be-94e9a899c723|68554ce5c80af8f50dc3f956211b6082b85b98cd21d0631152bdaf5ff954f132|baseball_mlb|spread|2026-08-28T22:40:00Z
2026-08-27T21:00:02Z|5772cff6-c957-4f57-8e2c-ce2197d421da|3e24211c6f37446495e5b4680a5949bb99db7b6d7e03f3892b67e51951c48c61|baseball_mlb|spread|2026-08-28T22:45:00Z
2026-08-27T21:00:02Z|a7a7535e-4845-4c96-a2bd-5cbde0e3f8e8|7c455194f27be7f273779cbc81c08a7bac469d6070eaba5927bede4f7fc207d7|baseball_mlb|spread|2026-08-28T23:10:00Z
2026-08-27T21:00:02Z|a4ca399a-ecb0-421d-abd8-482175f61397|411371f992459aeb8208c1e79bf18a7e4d813f5ac0ba5c8ac621b18244c13071|baseball_mlb|spread|2026-08-28T23:15:00Z
2026-08-27T21:00:02Z|43490cec-4b9e-479a-8adb-aee81043ffa7|e95899a72c7be421f0b721c9960f83f086f865c3ea896eb1a8906eaf5a89ceef|baseball_mlb|spread|2026-08-28T23:40:00Z
2026-08-27T21:00:02Z|d0b0f1f9-a78a-47b7-ba47-667ba6b25c89|4e997e4e765a0b4a04177bc5baa0bd7be7e4fef1b9fa1c8c5efae698e945669b|baseball_mlb|moneyline|2026-08-28T18:20:00Z
2026-08-27T21:00:02Z|b0a3464f-519e-4b44-a538-ebf51506d419|db2f21a50757f248173e58ae42b7aa5a91b60e987ba8657b26a175e18ced058f|baseball_mlb|moneyline|2026-08-28T22:40:00Z
2026-08-27T21:00:02Z|2e0678f3-3366-4df3-a620-1018b41630e7|0b19c2f7ef5353c208d1fe788563c86bdb4e01b97375a16410770955ee8475c6|baseball_mlb|moneyline|2026-08-28T22:45:00Z
2026-08-27T21:00:02Z|0e7b83e2-bf26-4cd5-8ced-8dbac7a295fd|f23e7a571630b53c24b6f505ff9e681384d77f98c53c1643976d212d35c8c5a3|baseball_mlb|total|2026-08-28T23:10:00Z
2026-08-27T21:00:02Z|4587fd5a-2c85-400e-b1a9-3a8e55f4716a|ae4af0e84bf1ba3c27c7d43036d40bfed9d9a633bac91f91773fa423e822e426|baseball_mlb|moneyline|2026-08-28T23:10:00Z
