2026-09-21T00:00:01Z|fd20d884-d262-4b94-990d-62f35421da78|6105aaac1f0b5196cc9b546dc1cd57053d171a002307bda219ee6d44a8c3b081|baseball_mlb|spread|2026-09-21T22:40:00Z
2026-09-21T00:00:01Z|d119ed15-4ad3-4320-adb5-8150e7b626d1|49924916681e102b80236c93432693bfc6e1cf1966b28091601770bc919fa285|baseball_mlb|moneyline|2026-09-21T22:40:00Z
2026-09-21T02:00:01Z|b009793a-e461-4a9e-b9d5-a042e8742ca9|65b67128a16166778881ab9aad9126e7f4654bd6b4402f6824c89364335af0ae|baseball_mlb|spread|2026-09-21T22:40:00Z
2026-09-21T05:00:02Z|2c10ac5c-148e-45f2-b431-38f105184f69|172cdb8799890a94d66cf7fa664ace3c484ba69df4f9d233606d8c1c98045700|baseball_mlb|spread|2026-09-22T01:45:00Z
2026-09-21T05:00:02Z|2b1e352e-6b5d-46e9-b238-2884ba8f30b2|d477a77c6534c4e942db5a88ebac742da9437b8bcf95ae68d855a17ccf43864f|americanfootball_nfl|spread|2026-09-22T00:15:00Z
2026-09-21T05:00:02Z|2c730a93-d260-4e4f-a7e8-5e30ddd45e27|40aa08eada15a36b0de32bb97eae06a760954d2232f8cad77fbd562685114a28|baseball_mlb|spread|2026-09-21T22:35:00Z
2026-09-21T05:00:02Z|fd31693a-763d-438e-9658-17c147e534f2|37eb8502fadcbe0451b094f34ff67faa49c2ba4ab9508db95d0aea27f6ffbab5|americanfootball_nfl|total|2026-09-22T00:15:00Z
2026-09-21T05:00:02Z|212d1308-2b00-4796-9ead-c40af62241f9|533417f7621f707d631bd4a13bd3ed22e2a3ea05022fc5f95d871a73c4d743d6|baseball_mlb|moneyline|2026-09-22T01:45:00Z
2026-09-21T05:30:01Z|1ca74756-194d-4af2-a909-b32051fe9e51|375df96e4514a86824effad02b745928b8f33c234361dc7f254bd64feb35e0dd|americanfootball_nfl|moneyline|2026-09-22T00:15:00Z
2026-09-21T07:00:01Z|9efa21ce-424f-4e17-ad0c-4f92bed8b281|fa764c78dd2b26901283f71c11797ad1defbef64a1314b85ffd5af5dadb3caf5|baseball_mlb|spread|2026-09-21T22:35:00Z
2026-09-21T18:00:01Z|4b6130b6-b025-4018-9143-a1daca8ee0a4|4bfd7c93821e812fade9b2e8aeaa4342e7a8bb2acbdc82a31316cf42b60b9e5a|baseball_mlb|spread|2026-09-22T17:05:00Z
2026-09-21T18:00:01Z|4c45ca39-64cc-459c-b253-631537d6cb1d|b6c1a5ec2ba4fb5e3575b0ae30ec734e026ab11c388ce92db929b5e2e403aea6|baseball_mlb|spread|2026-09-22T22:40:00Z
2026-09-21T18:00:01Z|63560482-6582-4b27-8713-1b7ace6c4b23|8fc208499bfe0bb4ad3c9935de75c6533a02eb82b211ce6cbebad8c05c0b6bf8|baseball_mlb|spread|2026-09-22T22:35:00Z
2026-09-21T18:00:01Z|74193a81-21df-43ca-9ca6-bc567627d9fa|7fd0bad46d2c0028362ad9d844ea5fef31c70357485bbe055859832c7a23e622|baseball_mlb|moneyline|2026-09-22T17:05:00Z
2026-09-21T18:00:01Z|e4728442-d91c-4d20-a753-b22533ae3d8d|8fcc0c24c0259af198eef05f23d7c132a8992d90f14483ad2d3ee883e6e1f9c0|baseball_mlb|total|2026-09-22T22:35:00Z
2026-09-21T18:00:01Z|6c67a510-fa65-4d82-8689-cab2b4918b4a|4f2cdac6d686ddd04fdb792d9506ae8bef178ba0bbae030b37b1b9c6c08634cc|baseball_mlb|moneyline|2026-09-22T22:40:00Z
2026-09-21T18:30:01Z|672910bf-3c13-4f65-ba1c-4939aae3964d|ccdbf155f44208a3524dd790d714910fe50ec88370810f4a0f6202fd986dd719|baseball_mlb|moneyline|2026-09-22T22:35:00Z
2026-09-21T19:00:01Z|ff3041c1-377e-4794-a383-35eaceb726a2|3816b09b59b4af3cf462ff2c95f44529494eaaf65a3792ea080f656443d23de2|baseball_mlb|spread|2026-09-22T22:40:00Z
2026-09-21T19:00:01Z|3df56ea5-b40b-470c-a7c3-0f9bf6fd04b3|2e455ccf35b07646f056cba54b32895bc4f5ab95a296bb001a64477ee6cca59a|baseball_mlb|spread|2026-09-22T22:40:00Z
2026-09-21T19:00:01Z|36c425ea-b9ad-4615-a39b-dd4be3778b17|1d54938a4fe8501191196b313838c22bf964120c32ce44207f3291c22690d00b|baseball_mlb|spread|2026-09-22T23:05:00Z
2026-09-21T19:00:01Z|7d49fdae-9dbd-4682-ab58-15924983ce2a|f214ded1813cf24a94355324725014cea1688c5b45c788fe234a289d63e12622|baseball_mlb|spread|2026-09-22T22:45:00Z
2026-09-21T19:00:01Z|522dd69f-504e-48e2-8cc9-d2cd491da0fe|8cf062af42f73a78d65550bdea2e44d803ca2a408d73ca495862453550093181|baseball_mlb|spread|2026-09-22T23:15:00Z
2026-09-21T19:00:01Z|6c261980-c6a9-49e9-baf9-e637fec2292d|401512e5a2b33e8e0c67077d1a91d3ebc9ea662bb95cb04b31fe20b3402c0677|baseball_mlb|spread|2026-09-22T23:40:00Z
2026-09-21T19:00:01Z|0640e98c-5db4-4f02-8259-b05472ad94da|7476346e2c3bb7b7b84edcbcd70ef9ae07cc09316037909548318f9cd4875a91|baseball_mlb|moneyline|2026-09-22T22:45:00Z
2026-09-21T19:00:01Z|dfc4a2c5-360a-4d1c-afeb-c30ab4efe599|ca66937831d69f386e47f3e80b5a2d0fde8aaa2342f9173f11277c126af5df11|baseball_mlb|moneyline|2026-09-22T22:40:00Z
2026-09-21T19:00:01Z|4b92ef33-6611-46ef-9702-38bff800d24d|76db1f2ce68458a95f6c15d04dd80a1e7cf8a954da44fa7940fbfbde1952e119|baseball_mlb|moneyline|2026-09-22T22:40:00Z
2026-09-21T19:00:01Z|192b4fb6-61ab-43fa-83d3-f35f7d7bee51|f46d53150b6fafe7e44e3f84c83a905b02551807543f4aa47e43f3a2b96019f3|baseball_mlb|total|2026-09-22T23:05:00Z
2026-09-21T19:00:01Z|638603c5-d219-4214-aab0-b6545078b89d|b984e4c6d74481d3722335d0e66fb4b60a7e8f33ec98303ff6161c6008568ccf|baseball_mlb|moneyline|2026-09-22T23:15:00Z
2026-09-21T19:00:01Z|7252d005-b340-4957-a259-46c93e724954|6543340fd691dcbf3d622d542de226ecd51cd2fbdadf4415512bce3a525bced9|baseball_mlb|moneyline|2026-09-22T23:40:00Z
2026-09-21T20:00:01Z|d804c353-7747-4c8c-accd-7a0e4dbbb03d|982b827c2d63edca08e9418185cc108da655305b49c824ce1c036c65d85c3415|baseball_mlb|spread|2026-09-22T22:45:00Z
2026-09-21T21:00:01Z|da588bfc-fe15-4f29-a565-fd268405e480|6217e31b1057c251136d45d60c06c8d9cc26f00e269200aaa3a5069c3bb20f3e|baseball_mlb|moneyline|2026-09-22T23:05:00Z
2026-09-21T21:30:01Z|ba7cb189-27ff-47b5-a374-d28572d526c7|2aad51cee2c38312177912210257406c1bb3dc19c3cdc922c22d9a6198e4bc88|baseball_mlb|spread|2026-09-22T17:05:00Z
2026-09-21T22:00:01Z|d33a443b-c375-4e38-b879-9dc179edde6c|d2342ce9a5afd96e6b5c5a7a76553e30b8e17762757945512230717b28c59b14|baseball_mlb|spread|2026-09-22T22:35:00Z
2026-09-21T23:30:01Z|2e31f89c-3bb7-434a-b202-de97721c97b2|2efa00c30bb6e6f88073c2f58c4e70b0215e3c870c891658b72612849b7370f0|baseball_mlb|spread|2026-09-22T22:40:00Z
2026-09-21T23:30:01Z|8821b6e9-1893-446d-8704-5442bae6fdc4|240c84f50989e6a331b69023080b7cf1d8c3b8d15fee019625724344c446772e|baseball_mlb|spread|2026-09-22T22:35:00Z
