2026-10-08T00:00:01Z|2cce93b3-e14a-4cc9-86e1-2db35b6f7233|feae172ba92890018d9fa1e4ed955d631e546e957eac172f088431c3ebddfba4|icehockey_nhl|spread|2026-10-08T23:00:00Z
2026-10-08T00:00:01Z|e64dca1b-698a-44ff-a2f9-bb8a32cc9bcd|163d0b5e24437aa6df3dbc788632648edbf7c1849e3f99a7e947f75bef38d228|icehockey_nhl|spread|2026-10-08T23:00:00Z
2026-10-08T00:00:01Z|0c4a64dc-11e2-4c94-9157-89d40af7ac17|9bbd768a783e1f60051adb70301b0c63806157cc3c1b3b8342bc45b120658eae|icehockey_nhl|spread|2026-10-08T23:00:00Z
2026-10-08T01:00:02Z|3ec33a16-e585-4eac-a699-46b478f6a20e|a9e0a0630d5fa5e5a23c3996ad361908714a493fd750428672aab36ed85b4ec3|icehockey_nhl|spread|2026-10-08T23:00:00Z
2026-10-08T01:00:02Z|bdaf1cb6-cdfb-4120-9d40-4d605fce5471|151cd461305c319a0c8a0770763336d9892c3e6c8e7ab703f5a41ba9a9cc4c8c|baseball_mlb|spread|2026-10-08T21:00:00Z
2026-10-08T01:00:02Z|2b42689f-74c1-45b8-8394-96ee9e8be019|3fd2ccda67ceed33c75e883d284e61428875d00cf1ac9c02b6d8b171a118eeb5|icehockey_nhl|spread|2026-10-08T23:00:00Z
2026-10-08T01:00:02Z|f32991c9-d8c1-4cd3-be7f-a434bc2bf540|1b5c97b0667862c786695454cf0351ce70862d1ca6e032501c0b5ebc2af5a5f4|baseball_mlb|total|2026-10-08T21:00:00Z
2026-10-08T01:30:01Z|369a5758-3544-430a-8d1b-e2d1bc304ee0|a3f0e724bc6409e26136d85023266710d716617d7a6cff42339b0a7eaf043ad3|baseball_mlb|moneyline|2026-10-08T21:00:00Z
2026-10-08T02:00:01Z|5270bb88-24f7-4a89-befc-77ba6966a226|baffce230b97df196c7e205cbc61d7f8cd6d2c8cbae708809a928e693d7fa52f|icehockey_nhl|spread|2026-10-09T01:00:00Z
2026-10-08T02:00:01Z|f6fafa78-8da3-4ab2-ad1d-621224e2f7d7|f54f848425599ff7e6873974ed6f2b8159114aa68d9e8a538ea8d23e43268e1f|icehockey_nhl|spread|2026-10-08T23:00:00Z
2026-10-08T03:00:01Z|6115239f-20f9-4356-8538-a4ab608ed3b3|7381dd88ac79cc6370b84a7898292d979337b6440e3a27cd78135a6137c4fe1b|icehockey_nhl|spread|2026-10-09T02:00:00Z
2026-10-08T03:00:01Z|5b8b8afc-7459-4d45-b56d-1723a86811cd|ee24cd6f51247529feaf86f1f7b3f46dba557f5fd388a896d61fdbdbffba496f|icehockey_nhl|spread|2026-10-08T23:00:00Z
2026-10-08T05:00:01Z|c2ff346b-6ec4-4069-8047-db246d7b25b8|0d80da9071968c5601b3c8b4050a593ba35762b79989af0f2f2e54a9cfcb0663|icehockey_nhl|spread|2026-10-09T23:00:00Z
2026-10-08T05:00:01Z|46cd14f2-ab66-4a92-9d6c-ff802e8bd60d|29abae35c94cd7f7e26f5c130f7c47cefd8739da26bc8bedb5fc83b5d4cfa5d0|icehockey_nhl|spread|2026-10-09T23:00:00Z
2026-10-08T05:00:01Z|44abb526-8479-4839-9466-f0677a7ed583|69127a68a71d46d0212ae058c5c6c9d8d5fd114fae62fa997ccfd161899df1bd|icehockey_nhl|spread|2026-10-09T23:00:00Z
2026-10-08T05:00:01Z|d0a23b70-f96a-4c27-88a7-f7d6abd8721b|132178379f1b975e8b2f6b1e03d719512bca3aea8eeeecdca08314594b2b880c|americanfootball_nfl|spread|2026-10-09T00:15:00Z
2026-10-08T05:00:01Z|c4bd0712-ea02-4271-844c-125628f2a407|ff6c09fc9d666548fe8b54306e76964973269298478ef0f590ead6cece10ffb2|icehockey_nhl|spread|2026-10-10T00:00:00Z
2026-10-08T05:00:01Z|da1e1e68-9b53-4973-9a5b-0e40497c6f10|562f241b24c0f36d41a5aa7c44dcd31753db60248e2cc0212f6ebe389c06bf60|americanfootball_ncaaf|spread|2026-10-09T23:00:00Z
2026-10-08T05:00:01Z|9e5a409a-59ad-43ec-85a1-114803874f8b|653983b2f48578a59043c9ea6885df7eaa9fac0230dbe45d1d7c4dd5706cd116|baseball_mlb|spread|2026-10-09T00:00:00Z
2026-10-08T05:00:01Z|b15ffa74-7e50-40ae-afca-fbad50b319a2|ad8a0634f55127ec07fc1f0ceec2a3952c7c142d8c6c4d8e8e11261c0127d692|americanfootball_nfl|moneyline|2026-10-09T00:15:00Z
2026-10-08T05:00:01Z|f9a43cf2-3506-4ba1-a360-b0897f5bd2ab|ebaf82db0846c6ff903ee0041d620b22862db17b60f79e06479fba3bc6010a8e|icehockey_nhl|total|2026-10-09T23:00:00Z
2026-10-08T05:00:01Z|4edf4e8b-99f9-4ec7-aa9c-40dc7d88ed31|bda01a1bf4ee1562033926f9b8f42dca08749c2d90ea0f3fe8c78ca55d853c36|icehockey_nhl|moneyline|2026-10-09T23:00:00Z
2026-10-08T05:00:01Z|3197f466-0af5-4fa9-9423-ef5c58da771b|9e7d944195e197d6867eaaa05804121a463e5174a03ac93f0d50d380dd86da22|icehockey_nhl|moneyline|2026-10-09T23:00:00Z
2026-10-08T05:00:01Z|8c7656fc-b64c-4720-8365-6cc69f5a0dd3|1ca146e9584aec7c2ef850278cfddb8faa3d6ab6b094f55a2e726eda3066bbbb|icehockey_nhl|total|2026-10-10T00:00:00Z
2026-10-08T05:30:01Z|5d4d1ce1-514c-4257-80e5-fd888a69a31c|0b8d00d676db4fb8074dac3840dcd5bb54d9ef0dc90ea6c541ea457eca12b048|americanfootball_ncaaf|moneyline|2026-10-09T23:00:00Z
2026-10-08T06:00:01Z|30851d71-571c-4657-8151-e7150b05f4da|d51b067ea32ac08da68bcaef56b03ad559dee8fb5a04dc982351c6b320429da9|icehockey_nhl|moneyline|2026-10-10T00:00:00Z
2026-10-08T06:00:01Z|9ccbf9c1-262c-4809-b263-ccd6832c6a55|7c665e0a1c54e589b65eb6e9af086b14cf14f0769df5e1720c9de192457b7fe3|icehockey_nhl|moneyline|2026-10-09T23:00:00Z
