2026-08-31T04:00:02Z|4105c6a0-139b-480d-beb7-bf3b2f8a0cb4|da6d5e6e1f44509af2e2272e2294f188056b2151d9f19d76214a53329f78d58c|baseball_mlb|spread|2026-08-31T22:40:00Z
2026-08-31T04:00:02Z|b94fc7cc-c475-4855-a1f9-a6477a816866|f756a01be3db3e60aa28476b159047ab18955c893299c0da6ba515af743f98d8|baseball_mlb|spread|2026-08-31T22:40:00Z
2026-08-31T05:00:01Z|ab4e9e31-0e2b-4917-b5e9-78f251e22555|d561eafdb3e79ccfe215b4be1f06b7da3f0335a5e54bb9913125b4dcbec3db73|baseball_mlb|spread|2026-09-01T00:10:00Z
2026-08-31T05:00:01Z|a2660e5c-4f88-49be-86c9-e4a7ceab8f91|9236d294137ffb660b3a2f200f5250083184040b3bbbdf98fc0d8ef812a182ad|baseball_mlb|spread|2026-09-01T00:05:00Z
2026-08-31T05:00:01Z|2fc2e9cc-e5f7-4000-9e6f-03f4490511fc|efc57987b776e213858b3b6b2f64be4c09babca4bbe6f44af51303e528a1ffde|baseball_mlb|spread|2026-09-01T00:40:00Z
2026-08-31T05:00:01Z|2b5bb25b-9f85-44f0-9520-2d42680fec90|3c399837b9aa07430bbf67c583e479f58d5304446f5ec297cccf1441abbd12d9|baseball_mlb|spread|2026-09-01T01:38:00Z
2026-08-31T05:00:01Z|faacdeb3-4224-43a6-8111-5d883985a7d8|ba6a0f79f83bcfcdefbc3c82fd2b94cddbeb639e9e52b98856a863d31378d6fb|baseball_mlb|spread|2026-09-01T01:40:00Z
2026-08-31T05:00:01Z|2ca24f66-69e4-4e39-b843-99faecd8c0b3|c62f2e93d361818ba79b98269d0e4c86ac86cdc6cd47568715e9f7cb7677b60d|baseball_mlb|moneyline|2026-09-01T00:40:00Z
2026-08-31T05:00:01Z|21b2eca6-c202-449e-b76d-b28ec39c83b7|569d544b998657ba88dc330004d8d73be4458831c8dbd4346747590994b77ec5|baseball_mlb|moneyline|2026-09-01T01:38:00Z
2026-08-31T05:00:01Z|ecbdf384-b11d-48c3-ad1b-a75fdb715d3f|aebac060ce57555551eb386dee91ed4745e69034cb8e744def00a6e47659bdcb|baseball_mlb|moneyline|2026-09-01T00:05:00Z
2026-08-31T05:00:01Z|78f34376-baae-427b-a0f6-41ed56688bf4|887f21574cf9ccfb1956b09f16fbe2f1f3e056543bf666e430541f18f358c8ab|baseball_mlb|moneyline|2026-09-01T00:10:00Z
2026-08-31T05:00:01Z|48126460-fda0-4804-9a25-12c9443097d5|c5e6088d8b6356dbd57ca3b77654c208ec6ec39f77def28f07b687cad5068c8b|baseball_mlb|total|2026-09-01T01:40:00Z
2026-08-31T06:00:01Z|27d045c9-fe53-46d8-8d67-429cadc165dd|db7e853742f5969a312d5cf58d551b5b8b0581e0a9531b9bf4bd4927b01e99e8|baseball_mlb|spread|2026-08-31T22:45:00Z
2026-08-31T06:00:01Z|d0e4ddcf-9d8c-410c-9f65-d244c9293f9c|a7775348d1fbe155780326b2d185c11476c4765a2c1f2c0a280b3557aeb087d9|baseball_mlb|moneyline|2026-09-01T01:40:00Z
2026-08-31T09:00:01Z|069bb2f3-78fb-4700-aca0-7dca51551221|1c64a8de100eab892f8fe11d5d82136c47bab527bd4024b9759d07230dd96968|baseball_mlb|spread|2026-08-31T23:40:00Z
2026-08-31T09:00:01Z|d35d7381-2324-4aef-af3b-8fe3b4e8c084|57a223436df29b2fcf32ca710e35b4e57c21332af2e7b0b1e6c966c0bb703ff4|baseball_mlb|spread|2026-09-01T00:40:00Z
2026-08-31T09:00:01Z|df9f4044-f1df-46a8-86ac-6cce76de66c7|4be6e585c1700b69ea13018b4978a655f5586431bcb943a9ceafc99d2713b7ab|baseball_mlb|spread|2026-09-01T01:40:00Z
2026-08-31T09:00:01Z|4270132a-765e-4485-bccb-c1cb1c40145e|6beca4edb224fea25f4028b3c0184171126729cb65f89b04eba193f6b068d5ce|baseball_mlb|spread|2026-08-31T22:05:00Z
2026-08-31T10:00:01Z|cd1078ce-5236-4fd8-b302-59074162688a|622cf2c72601412d5080f99b11768c303f130c2e372ec53586726d29306fd73f|baseball_mlb|spread|2026-08-31T22:45:00Z
2026-08-31T14:00:01Z|cc7958ca-7227-40c9-a91b-9ade84023f5c|cd44d688736e628c22d6c505b52a8aa8ae78341f22280481026bbc6bdf7098cc|baseball_mlb|spread|2026-09-01T00:40:00Z
2026-08-31T14:00:01Z|04c9db99-c2fd-421f-acff-2b1e482cd509|6aeb71cb33f70348310f65f83fb60cc4ecd4c5c125e0944e5ef6996475ed3b2d|baseball_mlb|spread|2026-09-01T01:40:00Z
2026-08-31T15:00:01Z|fc89a8b9-1a79-41a5-a25b-40535b3500a7|54ce85263eb3b7220dcfdbd1e75395d9da83aa67aba2c2bcbb9ecb8231df929b|baseball_mlb|spread|2026-09-01T01:38:00Z
2026-08-31T19:00:01Z|d617b802-6f6e-4215-8a35-98f7faeb4671|197d74121b9a5c9aaafa2634775f6566d402599d84bce65fd9dc14eb2c36049f|baseball_mlb|spread|2026-09-01T22:40:00Z
2026-08-31T19:00:01Z|fb1c1845-2cf1-48e9-b6f6-8c3f6f359b3e|987a1255d49a85c7bf5bc9bce09295aaae5dcc8fac9dd8df6f85779bf673a830|baseball_mlb|spread|2026-09-01T22:40:00Z
2026-08-31T19:00:01Z|d53bb243-a81b-4f7c-ac7d-d4187d2ea8fd|9bba364bf387dd577e6c77188ff8bf4a60c2b04cc8e27b631638b07037897361|baseball_mlb|spread|2026-09-01T22:40:00Z
2026-08-31T19:00:01Z|aca7e4b0-533e-4efd-93b4-00b4b1d7934f|2673dab09b586cbd31398f10baf94ed002a2b8415856ec9e269669824d9eb034|baseball_mlb|spread|2026-09-01T23:40:00Z
2026-08-31T19:00:01Z|192832ca-0df0-4116-983d-42caf55544fc|b4be727e42fe285000eef353cb4f73dd74a12ed11b172f9517153949da112794|baseball_mlb|spread|2026-09-01T22:45:00Z
2026-08-31T19:00:01Z|06739d21-0f49-4dc0-bc78-69aaa0a8db10|e0819ab2347ea8764726a4ac6358096722292d894acbc74473286056f3f91beb|baseball_mlb|spread|2026-09-01T23:40:00Z
2026-08-31T19:00:01Z|7244d2d1-bd98-48d4-ab89-af7182a0287b|933e5f322f7dde09f762ced6fea1d876d03062aa3652a3937c6cc4981c10f7c5|baseball_mlb|spread|2026-09-01T23:40:00Z
2026-08-31T19:00:01Z|93df27cd-183f-44f2-99aa-edd5a01a1468|ceda7456b0764c7b198331d6f8828400c6caa172f0df4491f8492dde2d26bcad|baseball_mlb|total|2026-09-01T22:40:00Z
2026-08-31T19:00:01Z|654c7d12-4a49-4e24-8818-56ccac9c84e3|8601eb3383b233fb8f3e3da3fd82440f87cc662cee711c9ef2cfc04f67bb93a7|baseball_mlb|moneyline|2026-09-01T22:40:00Z
2026-08-31T19:00:01Z|1f17c3d3-973f-44fc-8a66-0f29a1c854a1|b4da8f5f47cf6eed1742c2b8b96bd476410a2db526f08d7016e043341ffda271|baseball_mlb|moneyline|2026-09-01T22:45:00Z
2026-08-31T19:00:01Z|593914e6-2156-4298-950c-ba88f23c090b|1e7dd0e1b5d87d775691fcabd70aeb5e580b4c9676919115ef64899c99321904|baseball_mlb|total|2026-09-01T23:40:00Z
2026-08-31T19:00:01Z|eac803dd-8109-4ff8-8799-96715863be7e|b13f5eefd24d43fddbf2a5ce3fc27011c3a56c214f9500773dad3b7b8b1c1ee3|baseball_mlb|moneyline|2026-09-01T23:40:00Z
2026-08-31T19:00:01Z|04c4d6eb-e05a-423a-b8d8-6bad13b2ebf4|37e918a25af79defae8dd1a133318933bc7f2be93cd344cdd9081df5ee9c6288|baseball_mlb|total|2026-09-01T23:40:00Z
2026-08-31T19:30:01Z|5a6a06fc-3a22-4e33-a304-0a507b4db208|35502c62702c8c2eca8050734fe4ba7dd1caa661f6dbb89dd8efb6c10e19ef22|baseball_mlb|moneyline|2026-09-01T22:40:00Z
2026-08-31T19:30:01Z|2b52748f-5bd1-487a-82d2-b91166611179|3f1806854024432f67ffb0fb1faa507be6432325193c4e0651dc209046a0e49d|baseball_mlb|moneyline|2026-09-01T22:40:00Z
2026-08-31T19:30:01Z|910f98a5-4848-4631-89ed-d06101f5cff7|5e5aeff2dc3386aa4738ef6b4613328387ffbbb6e2f3ec9d20099220d8b8404b|baseball_mlb|moneyline|2026-09-01T23:40:00Z
2026-08-31T20:00:01Z|4fd9d980-9d1a-42af-929b-77efaeb689bd|24e32d2f06a733029b687e0b4ecbee15c2442bacc43b42b79035d55a40adabb6|baseball_mlb|spread|2026-09-01T22:40:00Z
2026-08-31T20:00:01Z|4fd0922a-cb27-428c-9d04-6d960d5514ef|74b9ff2e516f91b230c1f2c68f99a894499dcf5ea39e8d6b1067248f8052e55c|baseball_mlb|spread|2026-09-01T22:45:00Z
2026-08-31T20:00:01Z|951ba57d-2bc6-4b0d-b16e-b6a58d89b844|50a7a88b1e624ca9814396fb3254292a9123c0ef9d4537d77f1b0bc23102ff6a|baseball_mlb|moneyline|2026-09-01T22:45:00Z
2026-08-31T20:00:01Z|b31387f2-7a77-47f4-a33c-03f4be4496fb|7c2e91c2dbcdd387983cc131d444a68260865657e4853820e6cc5349f83012b0|baseball_mlb|moneyline|2026-09-01T23:40:00Z
2026-08-31T20:00:01Z|2b2a4d45-e859-4218-99b6-d9174be71f50|4dcda8e5566cdc85d728cc4b48e49521f98504c4d4274b70195579f7c9e7a530|baseball_mlb|total|2026-09-01T22:40:00Z
2026-08-31T20:30:02Z|c01a588c-f78c-4167-9b05-95214bfe73af|b27ecd5709bc000629a17b071a119335a55665b33e22af3f7c18e3a49443abff|baseball_mlb|moneyline|2026-09-01T22:40:00Z
