2026-09-03T00:00:01Z|98a23f34-4066-4291-8050-cb220855be09|c32a031ed42f381e68487843c2703e470ded390cfedf94f267cdcd8033bc8ddc|baseball_mlb|spread|2026-09-03T23:15:00Z
2026-09-03T02:00:02Z|6abd5a81-6917-4707-a1f7-27259afe407a|fbc35ce6d40082bb5d68effeedd5e50ea6394059cba01fbb0d7b5b06e0a0e1f2|baseball_mlb|spread|2026-09-03T23:15:00Z
2026-09-03T03:00:01Z|2c717a6f-ae7a-411b-bc09-6d8b5b7e07ed|204df3f8593830414066359e377f9befe58b1d47ba51a4b81e489970f91394b9|baseball_mlb|spread|2026-09-03T16:35:00Z
2026-09-03T04:00:02Z|460200f6-f97e-46f4-908b-55c2a3496f89|6cd4b637bad5b4af65e3a9631870eef7667eadb3790e63ced738bb5a43f745dc|baseball_mlb|spread|2026-09-03T23:40:00Z
2026-09-03T04:00:02Z|1688a601-b33c-4a6e-b662-b61593942300|c0cbb5a622e8644545efc5567c33b88e2891257393ad075e53ff9b4022ff9494|baseball_mlb|spread|2026-09-03T23:15:00Z
2026-09-03T04:00:02Z|9e31d2cf-1713-48e0-8f60-720124de90df|35cc00b04d58dfde5add9b78f85cfab85e4ef05752b373eab38518459ea1fca1|baseball_mlb|spread|2026-09-03T17:10:00Z
2026-09-03T05:00:01Z|72e78e7d-6562-42ea-9039-debbc5dca336|b3430cb04eb5f2f146fbc404e89efeeaca5022ece0f5ae2e2692daa87dda724a|baseball_mlb|spread|2026-09-04T01:40:00Z
2026-09-03T05:00:01Z|6a2dd668-7c5f-4249-98ac-29ce0f64e232|1abe9ee32dcc39e50c9671796628e8e9514378a7e74df17b4011af06a10f713d|baseball_mlb|spread|2026-09-04T00:05:00Z
2026-09-03T05:00:01Z|9b476d62-088e-4ad0-8cd0-15c2d00dea36|20914393a25fb44a2a2a2c6733954b8aca3a6937294647c3a2ae5b4be1af00b7|americanfootball_ncaaf|spread|2026-09-04T01:00:00Z
2026-09-03T05:00:01Z|ba515022-6ee4-492f-be4f-b1749e3a5d5c|2d8e46149adb812eea4bb6781c871c4b1bec70c937a04dc7b2b607b98c4e8b4d|americanfootball_ncaaf|spread|2026-09-04T01:00:00Z
2026-09-03T05:00:01Z|b183b46a-1ea1-4694-9355-4979fcb88b1c|7fbcf144fdf107db49544a6aaf20ad037b9abf0e7131d9c159dcc922729a50b4|americanfootball_ncaaf|spread|2026-09-04T03:59:00Z
2026-09-03T05:00:01Z|9a228593-e6ff-46cf-8d71-5af5255d869b|fae70c99897583e1fef8056794def044180cb40ba492a18904d9d79820107157|americanfootball_ncaaf|spread|2026-09-04T03:59:00Z
2026-09-03T05:00:01Z|18c423ab-ed00-48b6-aa91-d47513f0854b|126f6bba20f2707a109fb610b0efc6ab5f72a99bc1bfb0487a29cf643c9e5377|americanfootball_ncaaf|spread|2026-09-04T03:59:00Z
2026-09-03T05:00:01Z|0437f51f-a4eb-4956-99cd-abed3eb49f5d|b36850eef343f7a5680462255285f657b7eb085bda65918ee12d32ed5c4c591d|americanfootball_ncaaf|spread|2026-09-04T23:00:00Z
2026-09-03T05:00:01Z|a0e87865-df02-4d41-8c27-22f5647fb3b3|38579cc2f0bcdb067a097c82c809c43d240e421068e0af06aeb23048499af68e|americanfootball_ncaaf|spread|2026-09-04T23:00:00Z
2026-09-03T05:00:01Z|1784e56d-b175-4245-812d-95e81a95f687|2abf93910fe1f2be397fc3ef7bd7c97c65b7e9d20223238e4c96077a115f373a|americanfootball_ncaaf|moneyline|2026-09-04T03:59:00Z
2026-09-03T05:00:01Z|3f5d3c95-3c44-443f-aef0-5a43bae2bc21|3016506e6ea419788e882301bd8cc7a830a1b99320d6367b6ca6030ad27a4794|baseball_mlb|moneyline|2026-09-04T00:05:00Z
2026-09-03T05:00:01Z|81185497-d290-40e8-b7cf-f0b9c98d6c87|ab7de9a6f54ddd1cb35dc38428e5353db56fbcd339db55461b9527841edb2d26|baseball_mlb|moneyline|2026-09-04T01:40:00Z
2026-09-03T05:00:01Z|0fd7923b-f5a9-4619-8c5b-b88b799d5bd0|0ed1ab4a7e59d3f5a37f021b53bd8aa2a33115d9ff28d791f0699d1f04cdc1eb|baseball_mlb|total|2026-09-04T02:10:00Z
2026-09-03T06:00:01Z|8fac0af9-1c2e-4df3-84d9-fda9978e8efa|bfc8035b2e7fafba2db2e69800227a5d67efbc9de6b8f2c12ed31033f33908c9|baseball_mlb|spread|2026-09-03T17:10:00Z
2026-09-03T06:00:01Z|fbd998c2-3d63-466c-a806-91e2762c798e|8085641492e02627cfbbcfbc55b5d8ba022d7b8e1fc3d5de08e4928ced25865a|americanfootball_ncaaf|moneyline|2026-09-04T23:00:00Z
2026-09-03T06:30:01Z|fe2ed734-eb02-4edc-a769-e043299185cc|886db086bddb4981754955dd109cd9b62a5191a548bda358b151c8faf6aaf802|americanfootball_ncaaf|moneyline|2026-09-04T01:00:00Z
2026-09-03T07:00:01Z|f4747bd7-9b15-4e31-9d47-d24fdaad1279|00286acf8f765e75dd65bbccf3af2691d3ef0f9cfd55dd048cdfe6ee0b6fc6f8|americanfootball_ncaaf|moneyline|2026-09-04T01:00:00Z
2026-09-03T07:00:01Z|1782f24c-2502-4404-bafa-4e4a1470213a|0ca49ba7e839bc694f2a009d4be067c20cf70fc0a389e3cea815e05929ff746c|baseball_mlb|moneyline|2026-09-04T02:10:00Z
2026-09-03T07:30:01Z|318daf83-806d-4b37-9099-bee5e8d253bc|8647a4f3af94a1ac82e8bcd4dac337a290864a83eb9e0060d5244d2f70292f94|baseball_mlb|spread|2026-09-03T18:10:00Z
2026-09-03T08:00:02Z|42fd5657-2520-4223-94c7-0bbd79b5426b|2d1d6be003f7d1b18e57d5ffab391d4fad89b112edfc1cb2710268786a362def|baseball_mlb|spread|2026-09-03T23:40:00Z
2026-09-03T08:00:02Z|39d108ce-06c2-46ae-9a80-9d1b15534ff7|5af27cb4912578dbddc9f7472ccbc04ab28385163a308ac8a1de79928abd8ece|baseball_mlb|spread|2026-09-03T16:35:00Z
2026-09-03T09:00:01Z|1d1acd1b-e136-4adf-bfef-0a45f526f958|a766e22eb4a258b85e2c859813f7e8478f0595fe3af0b2da0232e8d3a6a2a0ad|baseball_mlb|spread|2026-09-04T02:10:00Z
2026-09-03T10:00:01Z|8a0ef92f-2e83-40ff-aa39-6067da5ec672|0f5ae093f3c7bf1a3a2444e69dd4cf19dc5732deb9116f677540837ad176da60|baseball_mlb|spread|2026-09-03T23:15:00Z
2026-09-03T11:00:02Z|1bac6913-eb09-4057-85e5-ea807ddd94fc|51ddce142ca0615b2edd07ebce156948c1fd8ad17ac67744daf28c9de382bde8|baseball_mlb|spread|2026-09-03T17:10:00Z
2026-09-03T12:00:01Z|149bbbd8-8904-4bf6-8f5e-3edb9c15f039|e3de8a30f8603bfe676200057a4efa690d420ad392ac9eec726217af9b75d313|baseball_mlb|spread|2026-09-03T16:35:00Z
2026-09-03T12:00:01Z|2ed1fc9b-8170-454a-a4a5-fc52c8de76bf|abf1603bfb2709e78dbf5f7887bfb21c041df799af65b570c5de249334b22429|baseball_mlb|spread|2026-09-03T23:40:00Z
2026-09-03T14:00:01Z|b278c596-cdef-4191-9dbd-19cb8a8e8338|cfcdc62102bcc0c053cbca29fdf1146e217d7521177311eb3d5d70776bbef34c|baseball_mlb|spread|2026-09-04T00:05:00Z
2026-09-03T15:00:02Z|cd58da4a-0441-41d0-8cc9-a3fbf6bf58b1|89d43accfe27c9b626b2386ddbdb5de0314e4984544dd50963478958e7f94041|baseball_mlb|spread|2026-09-03T17:10:00Z
2026-09-03T16:00:01Z|e3d55f48-e264-4f67-979c-c994c3670b19|6c526822dbcc4ca741b3e5dd4b43f3546b95e0609ba9e830e453c1f45e8ec615|baseball_mlb|spread|2026-09-03T16:35:00Z
2026-09-03T18:00:01Z|0629d17d-2a60-4021-ab02-56aec3beec57|dba76a8290ff7df3fd7d277b9f77a3aca202e8cb309cc6656ad05b1c5f867d4f|americanfootball_ncaaf|spread|2026-09-03T23:00:00Z
2026-09-03T18:00:01Z|3d3a659f-a837-4747-84bd-ffe588f6ab05|ea056ae7e2cdf2e7c835b0e9866590e43f9aca0e2f189b27aac13e2beda00135|americanfootball_ncaaf|spread|2026-09-04T01:00:00Z
2026-09-03T19:00:02Z|16915f51-6616-40c1-9fac-b7e23f4e8d96|420d75e453623218adbccdbc8e0a44ed8f571e692d76c91819a438dc7e4bbd5b|baseball_mlb|spread|2026-09-04T22:40:00Z
2026-09-03T19:00:02Z|b3311ea8-2126-45f9-978d-a43ebf8e87be|9fb696396b98e2681ddde1661cfed301ebd2178b55a8caf4c3508b70d7ff6069|baseball_mlb|spread|2026-09-04T22:40:00Z
2026-09-03T19:00:02Z|7f013102-961a-4095-8bc2-b0a3a799099c|f6add67e114c143c4b210a6df3146b894ed09b384aa15d94c05fb9e3c42ab4eb|baseball_mlb|spread|2026-09-04T22:10:00Z
2026-09-03T19:00:02Z|0fce1ca8-382b-4153-91c1-71b2b314f9f6|19b367cafd72724c6108c84f8e17b98309b4e115e2fdba632252720f9ff6d5fb|baseball_mlb|spread|2026-09-04T23:10:00Z
2026-09-03T19:00:02Z|637f6744-7e16-48a3-843a-9d14a03a46cf|364491fe32cf11c4de4009649cc3afde7e345ab259c7533744675dad0df09af3|baseball_mlb|spread|2026-09-04T23:05:00Z
2026-09-03T19:00:02Z|c877434e-1b3e-4491-bbe5-14e6eccaf9b6|1e874e16a19f51424a0a8fa239da97d6d3acae9caff2c6cb752ec1c0da3aa980|americanfootball_ncaaf|spread|2026-09-03T23:00:00Z
2026-09-03T19:00:02Z|896c788f-35b0-4933-8215-ef0f08c41e66|c39ab45a6042d7be6c8d9d52382b243ec2d80fbda4ee4c151dc1d020ff398593|baseball_mlb|moneyline|2026-09-04T22:40:00Z
2026-09-03T19:00:02Z|5d5e3c44-c610-4f0e-90a9-efa7f44aacd7|dde905cb800b2bb05af3529a430c5207bc288a4dfd450fd3addd78190d955025|baseball_mlb|moneyline|2026-09-04T22:40:00Z
2026-09-03T19:00:02Z|5035f5e7-ac07-42f8-a4a6-41c6803a6899|088c024e1fc5d2af3a75248d439a17dc0209c99529c660d273b97802308c3e4c|baseball_mlb|moneyline|2026-09-04T23:05:00Z
2026-09-03T19:30:01Z|714823e6-7143-4735-b21e-3f512b43ee13|b8a9ed2da460caa625b1af2d0a69b11bd4f9acf284245e33317f87887c80fc5d|baseball_mlb|moneyline|2026-09-04T22:10:00Z
2026-09-03T20:00:02Z|1b0e1b85-7cba-422d-8f7c-b076c77a66dc|8feb769ba5d6f85c5dcb304a4a1f7fc96f5b45ade20f782479d8e220d5c83f66|baseball_mlb|spread|2026-09-04T23:40:00Z
2026-09-03T20:00:02Z|778f3180-4529-4fbd-a72d-f168720135d8|aa38b17da6d5fa58e2bc8a4e8bee5d6ce2280d62eed441e165188b101dceacb2|americanfootball_ncaaf|spread|2026-09-03T22:00:00Z
2026-09-03T20:30:01Z|99bb9809-c68f-4790-9f0e-ec421b19fdcc|fe03ce717c739666797e66ffa103b80a3ca7ae5632873168e03d57ccfb4f94c3|baseball_mlb|moneyline|2026-09-04T23:40:00Z
2026-09-03T21:00:01Z|67e8b710-ceec-4c9f-a051-98240f577baa|8d2219a48fc9f08ef0086893cffa0a7922e842c6faa2c78b4ad6a590941ddc22|baseball_mlb|spread|2026-09-04T18:10:00Z
2026-09-03T21:00:01Z|3356b10d-36a4-48b8-8aaa-795f23c11137|e2329674c3d2ed2c6845e61526e6bb1f3d5076189bbf37733dc17975403efb84|baseball_mlb|spread|2026-09-04T22:40:00Z
2026-09-03T21:00:01Z|7237b341-a841-4b02-a7eb-ede5625f81ea|ee24800b28114d146cfa554953c2ab20fa5c638b22fcc245c8460bac95645843|baseball_mlb|spread|2026-09-04T23:10:00Z
2026-09-03T21:00:01Z|927a1b93-5b0e-4547-8ba3-c809d7cf5e0f|7f4d8ab2bf7e337cc130abede8d4b5b0e590685cc0373dd7e3ae12409f572e58|baseball_mlb|moneyline|2026-09-04T18:10:00Z
2026-09-03T21:00:01Z|13b2bdb7-6586-498e-8687-e14efa8950eb|fa3b96bebe4a13e776044f06b725b2d597125503c727d375a65c6069aa80a70d|baseball_mlb|total|2026-09-04T23:10:00Z
2026-09-03T21:00:01Z|c73fee5a-75f0-46c9-a964-4c3cfaff7a9c|e34558475a027f080327175637e737fe8e49a49f7c538559b105bc579082f90f|baseball_mlb|moneyline|2026-09-04T23:10:00Z
2026-09-03T21:30:01Z|a82c737a-f777-40a5-ade8-a7989ffb2985|15471a7675aed8c05b749c88076ca9272faf25accd854df1ef037517c41972ba|baseball_mlb|moneyline|2026-09-04T23:10:00Z
