2026-09-27T00:00:01Z|249666fd-0fc2-4e07-813d-5f1c9bb81f9e|a960945b0a707d0054324a78f53cb4192a47554bda03b3994895c824347ee290|baseball_mlb|spread|2026-09-27T01:40:00Z
2026-09-27T00:00:01Z|6a56e9e3-3cc5-4e43-a604-8896b8f3d188|f3221ed45c5a4f76ee386c9a6818caaac4166ac79c13d7d90a6c3d790f153732|americanfootball_ncaaf|total|2026-09-27T01:00:00Z
2026-09-27T00:00:01Z|e332ac64-0966-4e39-9c3b-1ee74d451a4e|0f8cf98f5be393ea22d44804532af8396872e9f579eb082d6a03e8a43d7b3d41|americanfootball_ncaaf|moneyline|2026-09-27T02:00:00Z
2026-09-27T00:00:01Z|63e29c3a-92bc-4b5d-a79d-35ebb6420020|c6d3e4467399354ef4fe0f44bd0e5666ee2c364ba07dce2bdf712b66867fe55c|baseball_mlb|total|2026-09-27T01:40:00Z
2026-09-27T00:00:01Z|d193364c-2238-4427-9ea1-e73ea99fa68d|e1221ad9808500f7afc7b450440d49f1276eb61e15cd5e63f8871a1e5b51ae48|baseball_mlb|total|2026-09-27T00:40:00Z
2026-09-27T00:00:01Z|ce09abbd-d754-46d5-87cb-65404735cc87|abfd40d5458eff82e4df9397e61f7f3200566a2d4d795374974c117a7d112e77|baseball_mlb|moneyline|2026-09-27T19:20:00Z
2026-09-27T00:30:01Z|b8d964ac-5c49-4463-a086-c0249e1589c1|609c9c16278c87f1758087cec38e37bfa9d27911dada94faf03ff2a08aeada58|baseball_mlb|spread|2026-09-27T19:07:00Z
2026-09-27T00:30:01Z|142dc692-0d96-4233-812b-1ea0275850c0|2e1b4ef27adef2a04b76937af7f41aeda2a2419cc8b5ec08597c0c72b2bd8b8f|baseball_mlb|spread|2026-09-27T17:05:00Z
2026-09-27T01:30:01Z|3431ced2-f39f-4d7d-b7e4-f67cb607b156|c0fef5c71200576a2434dc192c9d3c7a983162daf62e0aaa24c5dfcf8eec07aa|baseball_mlb|total|2026-09-27T01:40:00Z
2026-09-27T01:30:01Z|58842e01-40cb-488d-9365-2fa8ad5b066e|4c81695b2b3879288540fa89387c8314ed5c13273e30c5a7087b1c1cae9607fa|baseball_mlb|total|2026-09-27T17:05:00Z
2026-09-27T02:00:01Z|4fb82a3c-ac8e-452c-9ef5-0d837d1b2498|151702c350d56d817b8036f946eade8414cc662d7da556e8618d3ae5af96dbae|baseball_mlb|spread|2026-09-27T19:10:00Z
2026-09-27T02:30:02Z|23fc313f-1918-4ec8-9e04-c55dbb2e507f|a2025f2bdb87dbbf56d884250b55496c4217d3d62c1e75664da648abd92bcfec|baseball_mlb|spread|2026-09-27T19:05:00Z
2026-09-27T02:30:02Z|0dbba22e-0871-482e-a40c-466d363e7cad|b8bd1f235016542cb45ede0c66923008013b76487198b2d2149be3d03045b990|baseball_mlb|spread|2026-09-27T19:10:00Z
2026-09-27T02:30:02Z|70e25bee-9a66-4cfc-bc18-0f724501fa39|3dcbc69f643b8441f5fd3ffe3a4cafe47318ac2cf6a5578167d12679dbee06d3|americanfootball_ncaaf|spread|2026-09-27T03:59:00Z
2026-09-27T02:30:02Z|13fedf4e-de62-4c4e-892e-91f01c6ae9e0|ae6c455b3daf1dfbefa9f3f894652c4242ec1b91b71fc07501d600fdf8ac7d8d|americanfootball_ncaaf|spread|2026-09-27T03:59:00Z
2026-09-27T02:30:02Z|7f235f88-ff7b-4261-a957-5cecdb99fff3|dc6aaf127aa8fb1836463914f106570521665158028b829e75ba85f119e714c6|baseball_mlb|moneyline|2026-09-27T19:05:00Z
2026-09-27T02:30:02Z|fc51d796-2e23-4f99-a1d3-7e7b6b9496a5|1371d562a7946f4e0f0e767c87155bff523397e6452f290ca806c3e1ad8e3374|baseball_mlb|moneyline|2026-09-27T17:05:00Z
2026-09-27T03:00:01Z|017a7cc2-4543-4a03-8423-4336cd79a56b|abe9f8ecc2901caa14870d4cb723587c9a9b7bad290ac62c1fa1d8057b3d6597|baseball_mlb|total|2026-09-27T19:10:00Z
2026-09-27T03:30:01Z|35bf5ed1-1908-452f-bddb-ca5a4c8d9993|a919e710720cca73775a4a852f6f0646ef4ac420afa479e03987078a798ba2aa|baseball_mlb|spread|2026-09-27T17:05:00Z
2026-09-27T03:30:01Z|25f616c0-f39f-418e-b8bb-fea24a7ba984|13fc83a87f64d5b03125632ee6bed324d46c154aec411e4ccf0a521c1add1a7a|baseball_mlb|spread|2026-09-27T19:07:00Z
2026-09-27T04:00:02Z|0d6adf0d-7f73-46f7-a009-15f08da0473a|69b9ecc4b4ab1b5331955f0e6d933f949a63a8fb9ca67fccc5a3ee904ef92e7e|baseball_mlb|moneyline|2026-09-27T19:07:00Z
2026-09-27T04:00:02Z|366c9479-0954-4c6c-9103-4350cd886d53|ab2fcea987411b75cba4d2c5fb05d420262eea75f6be805f9bb5ba12c2efee50|baseball_mlb|moneyline|2026-09-27T19:10:00Z
2026-09-27T04:30:01Z|400fe738-99cb-4ee1-9283-2845c7f1c138|c1e6e832e9b4a149178919e101e62976700e96f4251475216a0ad970cf2e7e1c|baseball_mlb|spread|2026-09-27T19:05:00Z
2026-09-27T04:30:01Z|836b886d-0b8b-42cb-aa5e-80dd14b23019|1e0f417f0b07c418ca362d7c8cee51b175a32f05eb35678b7fefa3847f59efd9|baseball_mlb|spread|2026-09-27T19:10:00Z
2026-09-27T04:30:01Z|f003dad9-6bef-4f98-9cc5-8d194d67cbba|eed5b563f3d85ad595ee1bd749c99443ab04871594ac7514ae65a7888e62dc01|baseball_mlb|moneyline|2026-09-27T19:10:00Z
2026-09-27T04:30:01Z|9f217552-60bd-4706-aca6-a66e98d56fe4|cc39de5bb618626e38759a1939661ecd970af5adc0e7d7e4163cdb48024d21e7|baseball_mlb|moneyline|2026-09-27T19:10:00Z
2026-09-27T04:30:01Z|3ba0cc8c-5244-4ec5-b53c-8fa7fff90c8e|d47a63655d3fd413dd9a5d806c7e68dcf7ccf3cbd62fe507cd6347cc83607850|baseball_mlb|total|2026-09-27T19:10:00Z
2026-09-27T04:30:01Z|09abdc7d-a4f9-4ae5-98b8-87482b4376eb|3fad582228416de5603cb43b87962e50434fe2a615092737e15b2e853f8e55f3|baseball_mlb|total|2026-09-27T19:10:00Z
2026-09-27T04:30:01Z|3be74e41-8c01-42c3-aa6e-0d36d8b25580|6d709585eff84acc062b85ac96ae6bc2d51836f9ea37d3f6592dc8e7d3640c6a|baseball_mlb|total|2026-09-27T19:10:00Z
