2026-09-06T00:00:01Z|e3d71b19-137d-48a5-9b31-0139febce0c4|b47aaab239f8a4212af440468b9745131e6e85113ba9a0554cdba134753e8a49|baseball_mlb|spread|2026-09-06T17:40:00Z
2026-09-06T00:00:01Z|d38c3aae-7876-4f3c-bb76-e491886f3dde|71b2ce362040c7c3a1b15e7115dcb8732b7aaf500cf63a71423e75d3841e9e42|americanfootball_ncaaf|moneyline|2026-09-06T01:30:00Z
2026-09-06T00:30:01Z|9de2a60a-9c45-4605-b727-9f7e7e39950e|895c904f09037e71c257aa9a451ad712af2ec5c5ed14efdc6e0b8c4518da7506|baseball_mlb|spread|2026-09-06T01:10:00Z
2026-09-06T00:30:01Z|d3833fcd-85df-41cd-b9c7-715a3758ba9e|2a0cdcc7564a607d7ac8be59ae728ab09a292a25c280fccb22511f7e543e5a6f|baseball_mlb|spread|2026-09-06T00:10:00Z
2026-09-06T00:30:01Z|cf513fd4-a40e-41ee-8662-bf1f08000cdc|c83a92ed40efb9a234f28749e3e2a239313810bf66ff54a0aceb681b39657fdd|americanfootball_ncaaf|moneyline|2026-09-06T20:00:00Z
2026-09-06T00:30:01Z|6d794bb5-12af-4563-b9ae-577499168ae8|8bc4fc3f9aa93b2c50ad15951fef9a51806e2ad62f66c5a30a6f1b44416a6ea7|americanfootball_ncaaf|moneyline|2026-09-06T23:30:00Z
2026-09-06T00:30:01Z|865025b1-75ff-4277-9136-483f049ffba9|dca040e49fdf827c93ad85d221be580927a11e95a326d1aafb648cca9255f3ef|baseball_mlb|moneyline|2026-09-06T01:10:00Z
2026-09-06T00:30:01Z|16e305c5-c375-4922-86f0-43d68197c95a|a8d0d692a13f5607971de81ce3e64bbd4835f25f909a19b542f7bbe28021ef76|baseball_mlb|total|2026-09-06T01:40:00Z
2026-09-06T00:30:01Z|b7e77ae9-b933-4ea1-8fe5-91bf96f2dc95|470d4402061831eed4aad31954de51d7f4fa9af152dd0d2fd58966ca32bc9917|baseball_mlb|moneyline|2026-09-06T17:40:00Z
2026-09-06T00:30:01Z|2d849520-47d3-48ed-be5a-c8354070d991|795186a226b212a5f14da382e716aabe6f84e83c5e903f71cf51c64fa07e61c0|baseball_mlb|total|2026-09-06T17:35:00Z
2026-09-06T00:30:01Z|fcbbf8eb-3e46-446b-801b-f7bb3ab101e3|73926da9c15be01783f8d54b2e5707d05642a4f70925843ee57cc6fab0a36bb0|baseball_mlb|moneyline|2026-09-06T18:10:00Z
2026-09-06T00:30:01Z|055ffcdc-a469-4b5a-96de-58cb2c30fe7d|555666937a9133302474b743eb3690941acf7e74da4325b9f375f5247721a716|baseball_mlb|moneyline|2026-09-06T17:40:00Z
2026-09-06T00:30:01Z|e786c169-07c1-495b-9142-137237080804|bd8da98dce556a795b9fa58701782b8cd89238a3b8625db146bdb143c02de9e4|baseball_mlb|total|2026-09-06T18:10:00Z
2026-09-06T00:30:01Z|3055b39b-d7f1-4993-9efc-c35e9eb050ea|a26a4dd3dc17f8d25d9b7a3a24f706fd43b6919b456f20e85bbf07372b587ad5|baseball_mlb|moneyline|2026-09-06T18:35:00Z
2026-09-06T01:00:01Z|d1924d89-d6eb-437c-8eea-902d3fcbc497|1d8fd443c2e8d92793ad196d3b7bd01e98ebbc145dd3e262c089d4043451052b|americanfootball_ncaaf|moneyline|2026-09-06T02:00:00Z
2026-09-06T01:30:01Z|7db95163-3c59-47bf-8479-a40e46aa0c2a|f28aef71882a028fbfc0a8a6c6a7e0ead8b3bcfd53ba81edf8a8bc3f21bb5e6d|baseball_mlb|total|2026-09-06T20:10:00Z
2026-09-06T01:30:01Z|48c3a192-9328-4926-baf3-0d308bf058e6|6acad6baec0a65a7dd83f1afa24d513abedb5605710cdf8e067c487f8f712b32|baseball_mlb|total|2026-09-06T20:10:00Z
2026-09-06T02:00:01Z|21cd9e7d-a56f-4481-b7bf-3ae1bf8ea71f|a2c14e61b048613990878113c3a38f65fbd4747c4062e195b4ecbba73474c785|americanfootball_ncaaf|spread|2026-09-06T03:59:00Z
2026-09-06T02:00:01Z|7e558857-f35b-4097-ac33-1f7e61e5dbb8|b70f0d8800ac888edcc7f845b0713e46037c4f164bbb13a073810810f5616231|americanfootball_ncaaf|spread|2026-09-06T03:59:00Z
2026-09-06T02:00:01Z|0599a9d7-5270-4d3d-862b-1608b005e3d9|a1c0aa76fcec9ae94877fb60e29b5451660613e83316bf2b0790041ad8437ee1|americanfootball_ncaaf|spread|2026-09-06T03:59:00Z
2026-09-06T03:00:02Z|43d1283b-82d4-4799-8f69-2ab7533bbac5|15618cedb58367ac7a6dbf16bb84af3e39583fcca6edc02355b7f3a9693e87c2|baseball_mlb|spread|2026-09-06T17:35:00Z
2026-09-06T03:00:02Z|723892b3-8d0d-42d5-aad2-5d76a78106ae|a39ab3b498aef71c3708b2d041595e1fe873b3a959f8d48ed152a309e172c8be|americanfootball_ncaaf|spread|2026-09-06T03:59:00Z
2026-09-06T03:30:01Z|2c1475d0-2b87-410d-a4a4-0669aff514f5|05c30d583a6b59d70a6b552f91a7d5a513a93dbf154c0a56fee19ca7af56dc47|baseball_mlb|spread|2026-09-06T18:10:00Z
2026-09-06T03:30:01Z|f006b7cf-a25d-492b-911f-a6b36a3407a7|7fe8e2b209480f78d09e56fe34d9b3a69704e420644b92be3d548ba5c9725159|baseball_mlb|moneyline|2026-09-06T20:10:00Z
2026-09-06T04:00:02Z|22dd4094-6779-4962-861f-fa8813c094c3|763e9422743ccff6d3e88ce152a56d1dcd3345f4e1ed348b3a2f696c24b2741e|americanfootball_ncaaf|moneyline|2026-09-06T23:30:00Z
2026-09-06T04:30:01Z|d6e5ff0a-d37f-41fb-b36f-037f2c90b4b9|4018def37ebb69554e0ed2b66ab4e93d5715374bbe4909a1b9162d37c3255eb0|baseball_mlb|spread|2026-09-06T16:10:00Z
2026-09-06T05:00:01Z|67ec5072-935f-45c3-810b-af18a05903ba|09d8773c7729a97048728517c0131b1c4d5c648dc5c7b0ccf83942849cf3693b|baseball_mlb|spread|2026-09-07T02:10:00Z
2026-09-06T05:00:01Z|48265ead-1021-4840-8982-52c814dc9773|77ffbc53585512a80da01b74a9a3556b9f38f9ecafdc77caac2a50e40c34cac4|americanfootball_ncaaf|spread|2026-09-07T23:30:00Z
2026-09-06T05:00:01Z|4b3d0d72-7609-4b08-b091-316b9ecf2ed8|1c6677b534609ff7808939f5bf70331f29ebd48c825a46da34daff7c5f5a1c87|americanfootball_ncaaf|moneyline|2026-09-07T23:30:00Z
2026-09-06T05:00:01Z|4ea94ec5-f13f-498e-b289-a68652530d53|3b936a335a3d8fd199cce22b3426d74c35ecf6bf64a0a9a402c7f5ebd1e3706e|baseball_mlb|moneyline|2026-09-07T02:10:00Z
2026-09-06T06:00:01Z|f6ae8cbc-8d1a-4ba2-ae87-f0fe18d11740|ccbfebb0d630a2307b96dde198351d5af9f57f817767022db0f2647eb87ef8f9|baseball_mlb|spread|2026-09-06T17:40:00Z
2026-09-06T06:30:02Z|f2bc7a53-dcc9-47eb-85c4-25fadaa9b333|475a77e92c83f80399bb44346902cb2728f7bbbef5b048758cdfbd2112f64f26|baseball_mlb|spread|2026-09-06T18:35:00Z
2026-09-06T06:30:02Z|ae9f59ea-560a-4f9d-888f-e95701c098b2|1353e3f269653d052eadce6db9270903dc05fa4cccc9368b7e4281dc5a7e5fba|baseball_mlb|spread|2026-09-07T02:10:00Z
2026-09-06T07:00:01Z|8ad5d607-b27d-477e-ade2-b1f2a1faf800|f44be97dd0d968e28dc7138a99dd0f7edae4c19dbb22c3f66b2c0ad8c92440aa|baseball_mlb|spread|2026-09-06T17:40:00Z
2026-09-06T07:00:01Z|2ce276cc-3067-4b2f-97c2-31ecac29046e|7e196309a1b0c174cf29c498fa03a03975f262673b2c1d66176725d5e5b9c74e|baseball_mlb|spread|2026-09-06T16:10:00Z
