2026-10-01T00:00:01Z|d3f993d5-032b-4c56-be90-155864f45eb1|cf096eb8f67f6b44efb905741dd96f8171f7dd916bf0554a144473f87e1c95a3|icehockey_nhl|spread|2026-10-02T01:00:00Z
2026-10-01T00:00:01Z|53b672ae-9de0-4eb8-8fdf-4481ff7f9cbc|4ed8012ce767c5ddda6297aa582f4a210e34cf139b2e87fe8cce342efab34efb|icehockey_nhl|spread|2026-10-01T23:00:00Z
2026-10-01T00:00:01Z|c8e33932-d461-4a99-bb15-33bce4fa09ab|bb9a60c3c2ce43caae31b3f1d66616c833146d6e4b868f5251f8842ba34c62d5|baseball_mlb|spread|2026-10-01T18:00:00Z
2026-10-01T01:00:01Z|645087e3-51b0-4efb-b7c1-e27f94b3de01|31b3bb59b167eee99115f924dadabbd8390055ba34f05837ccd4c015a9cd49a6|icehockey_nhl|spread|2026-10-02T00:00:00Z
2026-10-01T01:00:01Z|b7cdac0a-1989-4b78-b1bd-009978f9df23|54d54d60af89576d97b4f851602f1f90661d5a3c366405aa8dd1ce71ef6384dc|icehockey_nhl|spread|2026-10-01T23:00:00Z
2026-10-01T02:00:01Z|442a9ee6-f73a-494e-965f-e81c5526b794|7c22955ed0ffa07549b36963069d95dda7410b80ae834f74274b3058995d3cb9|icehockey_nhl|spread|2026-10-02T02:00:00Z
2026-10-01T02:00:01Z|8052db94-7df4-48ed-9b42-54eb72c2d17a|02d93d917ae12d3f698ff28ddad062e78ab40f041c234ec2b1cf6d5acc858d31|icehockey_nhl|spread|2026-10-02T01:30:00Z
2026-10-01T02:00:01Z|6fa1a91b-b2e1-4fdf-a285-e5377f1fb388|f33d4428d9a8cf31161008bc59ce1d6e38cd1d0a6a3e0d29cc06a2d559e437a6|icehockey_nhl|spread|2026-10-01T23:00:00Z
2026-10-01T03:00:02Z|338c3c8d-7d04-4c5b-af5a-f599c4af960f|329c53664f48c461d3269a4ccbe2b0e97b389e2ca02191b50ddcb1a1e28053f4|baseball_mlb|spread|2026-10-01T18:00:00Z
2026-10-01T05:00:01Z|2869944e-f63c-4a00-80de-44cc69be1cc7|a92d866c1ba5f11296bf4ab0bb46fe29651e96af1465a58f74158d35ee0183b3|icehockey_nhl|spread|2026-10-03T00:00:00Z
2026-10-01T05:00:01Z|dab7bc3c-ecc6-46be-a5e5-2969f586723a|9a124bf1f10cd143d0605c5ab5d2c030797ad9291aeb98e2bcd9abb1dda835a3|icehockey_nhl|spread|2026-10-02T22:30:00Z
2026-10-01T05:00:01Z|64c785b6-afbd-45e0-8cd4-9d4d246dfbb5|3328c8b1a6398b3965abc712e3a9b328102efa6cb5307b4ee739b8384aaa2aca|icehockey_nhl|spread|2026-10-02T23:00:00Z
2026-10-01T05:00:01Z|5ab58ce3-45a5-4486-b699-633543333bf8|9c4cbbd4062a75d45cdeb32d493e558d0e9fc83fa67bc6eeac9152f4c118c8de|americanfootball_nfl|spread|2026-10-02T00:15:00Z
2026-10-01T05:00:01Z|74bd211f-4ae0-4f15-afc3-6382bb42123b|05b52d0d9cc1528194df61025e41137c44609b61602e3e4440b5ef2a051378b9|icehockey_nhl|spread|2026-10-03T02:00:00Z
2026-10-01T05:00:01Z|135c893b-2755-4152-bc52-17b66ea5ed81|339928f6dac93f80f5ef73f9e7825ba65e8cb07a9b98c5e5aa8e784c0969a114|icehockey_nhl|spread|2026-10-03T01:00:00Z
2026-10-01T05:00:01Z|2984eb0c-d37b-42e9-8b06-32cf0af6df7b|519aec052f155104c42ee906b6c9ddc4b2ac8f39d73e67e4122eaaee4a26ec36|americanfootball_ncaaf|spread|2026-10-02T01:00:00Z
2026-10-01T05:00:01Z|88724d26-ef78-4bd3-9e68-bdbff4baf940|9ab9b34fa56ba6cbfaea2cabe3f1539db6af3214e5fa2683d14cdedb19ecc7ed|americanfootball_ncaaf|spread|2026-10-02T03:59:00Z
2026-10-01T05:00:01Z|967b4d7a-83fb-4c77-a593-0f1d772707d5|b4734d552f4ef48e71576ac35e92865dafc0dd0c4a6ab007d241afb906fa1dfb|americanfootball_ncaaf|spread|2026-10-02T23:00:00Z
2026-10-01T05:00:01Z|c932faaa-c5cd-46e3-8f5a-664e743af28b|90606c6693004ca136f5e676eff33e233d201d373f3ceacff8a2ac1e6a57d964|americanfootball_ncaaf|spread|2026-10-02T23:00:00Z
2026-10-01T05:00:01Z|e75be6d5-9d76-467a-98cc-ad5d54bafe8b|920b40506ebf413b30ab1eb5801e698c0a3d080c5e26ae07e5701f649ab34602|americanfootball_ncaaf|total|2026-10-02T03:59:00Z
2026-10-01T05:00:01Z|b8a88c5f-b78c-4eaa-80a8-88941c6b04b9|8335bad0f5d7c333edaf16d467af67743210ccff139879a17c91e162e5c7e3da|americanfootball_ncaaf|moneyline|2026-10-02T01:00:00Z
2026-10-01T05:00:01Z|6a5a51b7-a06b-43ca-adb1-d1f5774eb192|7e585fdb3b2aa461dee31ee74fce01ece47f23737ae63174c79e5b87abb9c630|americanfootball_ncaaf|total|2026-10-02T23:00:00Z
2026-10-01T05:00:01Z|04fcbb58-0ba3-4da2-9fd2-eaa952ed34f0|ffa90c55ebf38de0a22adaadcf058f1a6cccf1e6edb5e707e4f3c0a141f15bef|americanfootball_ncaaf|total|2026-10-02T23:00:00Z
2026-10-01T05:30:01Z|19d9a96e-1b07-4efb-803d-5aa6ddadba0d|af15b1e691cc3dae573bb6bd243f1c6d751f7185f6af2c8ded960f22de863918|americanfootball_ncaaf|moneyline|2026-10-02T23:00:00Z
2026-10-01T05:30:01Z|c0227bf0-2a9d-4970-9c29-d042ed0e5fdc|ffbf9c9d304b9ccaa21a71cab72fade42ffc735eac37b175e9674c7836034140|americanfootball_nfl|total|2026-10-02T00:15:00Z
2026-10-01T05:30:01Z|e3b1b261-37ad-4078-a024-44f3e86d6f7a|b9c804b835f86cd5a1640c66d8c29383a9f985eedb70abc03a6c6d0ad4490142|icehockey_nhl|total|2026-10-02T23:00:00Z
2026-10-01T05:30:01Z|3d7c3122-ce75-4690-a881-cc728adfbfec|af89d57367615cd13c4ba21d5adb7e09d64b4b2555d60482340d1197897561b9|icehockey_nhl|total|2026-10-02T22:30:00Z
2026-10-01T05:30:01Z|4e6574f4-8d41-4426-9fe2-3525487b301a|eff4fe4a125c0fa097450ab4d43756096315b4a3cec35634be67eb19942d7261|icehockey_nhl|moneyline|2026-10-03T00:00:00Z
2026-10-01T05:30:01Z|704b6029-96e0-477f-a715-696cdf427e11|bf9e69e3e7ccbeb9213d5ee7ac4c6c73700eb04b72167a0f50185b75cf50ff51|icehockey_nhl|total|2026-10-03T01:00:00Z
2026-10-01T05:30:01Z|519bd312-5c51-482a-8bfe-c94544779535|db61079904756123592f3297f14c5a183ab95fed82a7bae53f82fac12c62c47d|icehockey_nhl|total|2026-10-03T02:00:00Z
2026-10-01T06:00:01Z|b63f8452-21de-4800-948a-5c17b50ec361|e50138875156eb414d29f0e6d93e96d237469d1e188c8d356c1ba4d1f7043809|americanfootball_ncaaf|moneyline|2026-10-02T03:59:00Z
2026-10-01T06:00:01Z|9bd5dabd-153a-4c23-9cef-e5c9b94bcc49|00216fb12b3e9a95d1ae0a4120024c445ac67c9302e6afc43189e294baa9199b|americanfootball_nfl|moneyline|2026-10-02T00:15:00Z
2026-10-01T06:00:01Z|c26aef8b-9402-4487-955f-6b465b9816f6|184393c7e0bcddedaecf0e7011cd81d38343ef44b67fdc6b6f5d51f57526d824|icehockey_nhl|moneyline|2026-10-03T01:00:00Z
2026-10-01T06:00:01Z|c052120d-8fff-4928-b4d2-379f393c1497|7a5f888c9d365c6106cdd54f681b6943d17473e2b11e0ba56bb75f2b698b8dbb|icehockey_nhl|moneyline|2026-10-02T23:00:00Z
2026-10-01T06:00:01Z|beef2413-bfa5-4e3b-8788-ddadb09eec4b|1f167453c3100a82d02372a6d1154b811d9c8ca9d51d372516719776a4fb01a0|icehockey_nhl|moneyline|2026-10-03T02:00:00Z
2026-10-01T06:30:01Z|dfb129cb-48f7-4aec-8920-f438a53e4a14|3dba66f1d771de8e435cd7179f752d243d47e0c0a52ad49a71248b8e101d66a5|icehockey_nhl|spread|2026-10-02T00:00:00Z
2026-10-01T07:00:01Z|72379df3-3875-4777-b5cc-913f1c8f27a8|18fe3b1deafc1fdaac381f08e23d64e8fffad864deb82a63dd19506542b92c3e|americanfootball_ncaaf|moneyline|2026-10-02T23:00:00Z
2026-10-01T07:30:01Z|127a2c30-4749-4830-b4be-4ccd156fb499|78d58854e893fbec395f98aab18aebdf8e0ec28524547ea50c2c57ef6bf57370|icehockey_nhl|moneyline|2026-10-02T22:30:00Z
2026-10-01T10:00:01Z|1ec8ebe8-9450-4822-830a-2163f1e81f57|9f155e7593461d7031b242d18596da658fcbfe5c19d46f9bd895c09f355f75d0|icehockey_nhl|spread|2026-10-02T23:00:00Z
2026-10-01T10:00:01Z|8f8ce643-42fd-461c-8d60-fa96bd8de542|05830ccead2f8dc3fedaef477c23dd5f7be72934bad0c6915d29dc9aa33283d6|icehockey_nhl|spread|2026-10-03T02:00:00Z
2026-10-01T11:00:01Z|150301a3-6a50-44f0-a40c-1a7d00f6e9c8|1a750a7a9a59cad6f91711cc2e1fe1b3f5c72a7cfe5f8e94daef3440a08a02ad|baseball_mlb|spread|2026-10-02T00:00:00Z
2026-10-01T13:00:02Z|0676fdb1-bfbe-4fb9-ad18-53671518de0a|c8b75c0bae616ea0a83f726a9619fc4e8dae4b76711ec3504df7ae439fc88c92|icehockey_nhl|spread|2026-10-02T01:00:00Z
2026-10-01T14:00:01Z|242c51a3-dc72-4c5a-b8cd-0d4867f36610|81ddf1a2edfe4e2a3b95b65fe19d07c25479355c212aa155653d0472fa368bba|icehockey_nhl|spread|2026-10-02T23:00:00Z
2026-10-01T14:00:01Z|430442e3-47f8-4e3b-8197-19da6966c6ac|59351b5e9edd7edd5de55af6173811ff86193f7fbe54aa4e866a9cac73afd1c0|icehockey_nhl|spread|2026-10-02T00:00:00Z
2026-10-01T14:00:01Z|5ccc9e4d-0e82-49da-a8d1-902df0a576d3|ad39b8c8432b6d583c05adbf8517a24ea64a859517628b75825d3504113bd757|icehockey_nhl|spread|2026-10-01T23:00:00Z
2026-10-01T14:00:01Z|b18d8ba1-c3a3-480d-be62-62df25de74cf|1d10bba5af8f7d513027569b46aa73877d4167c0ad6e4154520704f69cf55f1f|icehockey_nhl|spread|2026-10-02T01:30:00Z
2026-10-01T14:00:01Z|e457cf0e-12cc-4bda-8a97-3a802089448f|635ba15afca5db948565bbdaeeff02558f00e6c9b990f714e0be66c759dd97ea|icehockey_nhl|spread|2026-10-03T02:00:00Z
2026-10-01T20:30:01Z|a728032f-fa8d-4580-830d-7f8f9cffb67b|6b5db356d7ff50929257ad58df7efe2c5ea321a77205a60734fd46f608c405d9|icehockey_nhl|spread|2026-10-02T02:00:00Z
