2026-08-28T00:00:01Z|0e8fea78-e00e-4383-9004-74b96148ab3b|bb6c67d66fd6bba7961831ad7ff91266cdb569219613df2363a55ff2a2bdcb10|baseball_mlb|spread|2026-08-28T23:15:00Z
2026-08-28T00:00:01Z|8b42018f-09eb-48ec-99bf-c50b7c12b27c|3405e06c09194ba962653d2d484408546437eaca8394547ee6fff3a865329787|baseball_mlb|spread|2026-08-28T22:40:00Z
2026-08-28T00:00:01Z|4fff615d-4567-4325-94a1-f62270b3c7b5|b1954e9f88e476bf966f1c7caaa333f495a4bb2f439ddb1dd2ea5fbb3342dd9a|baseball_mlb|moneyline|2026-08-28T23:15:00Z
2026-08-28T01:00:01Z|bdb76f25-3b2b-4eb4-bee0-6125d015c1df|2079c4c4cd818a57b9156e0df06bc18bdc7a4522fecaac67c93e9562ffa20f4d|baseball_mlb|spread|2026-08-28T18:20:00Z
2026-08-28T02:00:01Z|2837e814-7111-44e0-982d-a8529412009a|290bacffacc444a72b0ec9d067b6734a89bc880cc5f0f108559a3febcdabd35d|baseball_mlb|spread|2026-08-28T23:40:00Z
2026-08-28T03:00:01Z|dc9e9c71-f8ac-4ead-9b22-e260ad98453d|00b182a2ada1e1c1d8e2b28e5d3f8778a1f9a70cdf59968d787149d65da223c3|baseball_mlb|spread|2026-08-28T23:10:00Z
2026-08-28T04:00:01Z|ed8dab22-2da0-43bc-8cc4-fcd2ad42cf18|a5cad2395622579eb9be1b362679c001f15c63e3b889cb8db5d1c534d794ce6e|baseball_mlb|spread|2026-08-28T23:10:00Z
2026-08-28T04:00:01Z|ff1f9ccb-0fbd-4582-9e6a-2a717f3f019c|a57a3947a9f91ee7505ea857148708655db4e8c55051b7ec8f2c1e341be3c58a|baseball_mlb|spread|2026-08-28T23:10:00Z
2026-08-28T04:30:01Z|6facf900-20d8-4feb-8f02-3983395575ff|a1c55a4875637b885737d41794eaa9cb5f5431480122a709dba069a7b37769e2|baseball_mlb|spread|2026-08-28T22:45:00Z
2026-08-28T04:30:01Z|8799c33b-df82-44fb-b2d8-de717d9acd93|035144917740222cc0406cd75800ff0d37ceaad481dff396df29a9eece19588d|baseball_mlb|spread|2026-08-28T23:15:00Z
2026-08-28T04:30:01Z|4008e7fc-9731-4edc-8f03-d2d44892c080|2f9626bcf99bce65fc73cc94201d7510b3355cdbfd08185ccb13b8e176073aa1|baseball_mlb|spread|2026-08-28T23:15:00Z
2026-08-28T05:00:01Z|41cc9f6c-4932-4749-82ad-c7f13bb6a6e2|639468358a6495b6ff38ce2669ccce757f7d020b8c0268f3b8fa7e9c850752cc|baseball_mlb|spread|2026-08-28T18:20:00Z
2026-08-28T05:00:01Z|07ee7b5f-020d-41a3-9e68-1f0c8a3513ca|e8deca55d77c868211427145a3944cd5770829e22d5eb5b6cf73bc9702fecbd8|baseball_mlb|spread|2026-08-29T00:10:00Z
2026-08-28T05:00:01Z|1724a3fb-e6ce-4586-be7a-8b38ed7c12e5|c8b383488be7046d17f7447bf6b8d02ea3556826a56c162a7ecf927f50e04ed1|baseball_mlb|spread|2026-08-29T00:15:00Z
2026-08-28T05:00:01Z|b3d1b9a5-bd3a-4bd7-a7dc-bfbb23d01dda|d46e75e5f041673cd42d55cb0a076fe24d0626d8107e46e700246dbd70c3b921|baseball_mlb|spread|2026-08-29T01:38:00Z
2026-08-28T05:00:01Z|c8989127-19df-4078-8d2e-4bf1d4878e34|2586ebda5b067576dc383b0b9492d2683b32f51a4db5491fed1cf3e2128a263c|americanfootball_ncaaf|spread|2026-08-29T16:00:00Z
2026-08-28T05:00:01Z|e6bacedc-d6dd-4b9a-98be-aa6387e318c4|7ecb432f6f7c47f9443157d10f809481036bc03b0190182a2e526c4e1379da41|americanfootball_ncaaf|spread|2026-08-29T19:30:00Z
2026-08-28T05:00:01Z|0842ba75-7e88-4b36-bd0d-86323ec1e947|a69d4034c15b0a64e350d7233ae06a758db950f1c258eb1aef0e731d985e9fcc|americanfootball_ncaaf|spread|2026-08-29T21:30:00Z
2026-08-28T05:00:01Z|27efec16-5546-4af3-9112-1430728fc8fc|93e35283c20805d312819fa080c7258b647cc42d89ed043b48cfecc0c8b532a7|americanfootball_ncaaf|spread|2026-08-29T22:30:00Z
2026-08-28T05:00:01Z|22b7401f-a997-479b-a0cb-a660ddac0f6a|2319e524b1bf4a4c7b4897adc87b69b9bee97ad7aedebe69093acb18cbff29d7|americanfootball_ncaaf|spread|2026-08-29T23:00:00Z
2026-08-28T05:00:01Z|83a03ecb-688e-4099-b1e0-105eb39f6cbb|4eb17b59d3a787b7437bf27bf3b4ac62d449e5e028f89bef49b2dccb3df57864|americanfootball_ncaaf|spread|2026-08-29T23:00:00Z
2026-08-28T05:00:01Z|2463cff5-9557-433d-957d-3d373330c674|b34792ecbee6054338dcf01a7e15651811262a1a477cbd5e564d81c6bd428370|americanfootball_ncaaf|moneyline|2026-08-29T16:00:00Z
2026-08-28T05:00:01Z|8f974837-10e5-4b3b-be59-4b0dd076da91|ae8bdf6ab9ad06141288f1c2d884d39d683e1743fbce31a61ffb82a3f05a60e7|americanfootball_ncaaf|moneyline|2026-08-29T19:30:00Z
2026-08-28T05:30:01Z|1335fca3-6588-4289-9757-f52da5bfb8c9|90e15cd11379b89d2591269b1f69dc6e0e5604d3cf1857224f3e25321a1232e8|baseball_mlb|spread|2026-08-28T22:40:00Z
2026-08-28T05:30:01Z|ecd3c00e-e2d4-44b5-bf17-50966b198928|6a0e6f156b0b2d6071198e2627865b9306b03d703203cb331c49a043ba7e6d5d|americanfootball_ncaaf|moneyline|2026-08-29T21:30:00Z
2026-08-28T06:00:01Z|9249bbb5-f6ec-4477-84a9-243a002a38c9|9428e64910193eee2cf6c947a3cd2a11894802e0a8edaeecb318cdd7d323d724|baseball_mlb|spread|2026-08-28T23:40:00Z
2026-08-28T06:00:01Z|6bebcd0c-6887-4792-9ef6-79f4a5c38750|d0f09fbcf474edcae63ba69041918993c0da8834940992b0dc33f49486e13434|baseball_mlb|spread|2026-08-28T22:45:00Z
2026-08-28T06:00:01Z|607eab4a-fc99-4f81-9dc2-eee7f8860fc7|3660f2820060cb4deb2096b254c5c11b3541b528de5241656d50e1769f340b7d|americanfootball_ncaaf|moneyline|2026-08-29T23:00:00Z
2026-08-28T07:00:01Z|247c1da8-8f6c-4514-b359-0b9a44397282|7fe3c137ddca18dbe987f60b5e17727a8b197cdca5425fbacfc4d119cd16a982|baseball_mlb|spread|2026-08-29T02:15:00Z
2026-08-28T07:00:01Z|956a0fe1-e7a7-4018-a54c-9f8f5b6eb86e|01abe2dfd983add6382b3fad66c19758431b24e6ea6ed8dfceef929306a85822|baseball_mlb|spread|2026-08-28T23:10:00Z
2026-08-28T08:00:01Z|b03db225-9363-4e9c-8288-c740f7a8d09b|890fd74195f1eb949e5849077a857d1d1306b02f310e5052be15dd0fa5831737|baseball_mlb|spread|2026-08-28T23:10:00Z
2026-08-28T08:00:01Z|5cb3ce20-7ab5-431b-b5b0-c83111481626|aa16e915330ec09c7e13272de9a10b044214f55d80144226a18334fb7933f3a7|baseball_mlb|spread|2026-08-28T22:40:00Z
2026-08-28T08:00:01Z|803da639-fada-4e52-87c0-b692f32c3c78|14260eadcf014dbaf1851738fc491f53915cafaa653c17c26f30103770fedb3b|baseball_mlb|spread|2026-08-28T23:15:00Z
2026-08-28T08:30:01Z|977c1448-c570-4130-91ce-87ee96570847|2900fcb61220ecf3aba82c1ef116da2c4eed7d5a9d4c55823070030ea31ab2e5|americanfootball_ncaaf|moneyline|2026-08-29T23:00:00Z
2026-08-28T09:00:01Z|7077ae91-8b42-461a-b0e2-701a5ddf3b03|d312cab6ee4af310274404531eb21ef198c5d4a673b196f3797a4244daf3b824|baseball_mlb|spread|2026-08-28T23:15:00Z
2026-08-28T09:00:01Z|0e5a6933-0968-43d4-a7e2-2a049d9ef51a|e27e86f4a3f1a88aa93727facc7e88a542257710e8ee684b1ab536f5044b0b9f|baseball_mlb|spread|2026-08-29T00:10:00Z
2026-08-28T09:00:01Z|bef93bf5-2c80-47d5-9fd5-51f5ce50eee8|5b998c8c1438f1bbd9d9b92bc335cc620d63e1d3bd2da14f2f7b601a96f33cc9|baseball_mlb|spread|2026-08-29T00:15:00Z
2026-08-28T10:30:01Z|fac2be93-0aba-4de7-a98e-92a3862ccfa0|fb203b375fa7705a5c73498b8652a3d6166916893978382751a7c50a87bb6122|baseball_mlb|spread|2026-08-28T23:15:00Z
2026-08-28T11:00:01Z|fd55f7a3-5873-41c2-a2b8-e659e127dee8|b899cfa23f6e99893648582ba35cd03287e98ebddd3645b0ac59ea6c4ede1de7|baseball_mlb|spread|2026-08-28T23:40:00Z
2026-08-28T11:00:01Z|13f87c5b-4a13-4485-9503-b1499958da79|23f383cb48f68905b25aec59cc2c1d0c81d69bbc82e3ae188c392bad8bf80aa5|baseball_mlb|spread|2026-08-29T02:15:00Z
2026-08-28T11:00:01Z|9022f498-f031-49d3-8fc4-8a4a8ffcfe83|5f57906066f4c0e1043a35011ed2726ccb6ea010e087a5c03f9b41d78462db2d|baseball_mlb|total|2026-08-28T23:15:00Z
2026-08-28T11:00:01Z|376533f0-fd8b-49ac-b192-9d9965bd7d2c|29a272eaf6f3bbc2161e5ba2f00d821fa6c419ee4271a737a69936e4333d2f2b|baseball_mlb|moneyline|2026-08-29T01:40:00Z
2026-08-28T11:00:01Z|c38b7b45-919e-443f-8f58-5cff91fa9d14|93b854d38d134846b3605462e51ab0d85787dad36a450ca5f136ad98622204fc|baseball_mlb|total|2026-08-29T00:10:00Z
2026-08-28T11:00:01Z|69e3f108-253d-402f-9885-f6d61e9f05bd|e592113dc2b25b81ce337f4076db06c7794c38214f83d3f74d990858545635cf|baseball_mlb|moneyline|2026-08-29T02:15:00Z
2026-08-28T11:30:01Z|dd5c0321-4388-419c-807a-efc4a5552445|c3adaa859b12bdd43006a5074e3209d132b93b9af157e878b80a8df4beb3ab9f|baseball_mlb|spread|2026-08-29T01:38:00Z
2026-08-28T11:30:01Z|f69865e1-761c-4fcd-bea9-95935e0cdde1|8ec89f05e1f0f77a56511d63c79b568096184f4df371467b8870efdcb90cf28e|baseball_mlb|spread|2026-08-29T01:40:00Z
2026-08-28T11:30:01Z|96e83bc5-ca36-4c5e-acf5-15794b29e391|7d4eb24a82860454ffd2183e4a8785390c62e25ef06e446afd2c372d32c80923|baseball_mlb|spread|2026-08-28T22:45:00Z
2026-08-28T12:00:01Z|f4336e28-7d0f-4386-8e23-0e22383ecf8d|c723283fc1b5c3c7a4a63b2dffdac015e36950f17e91759fc4a95c0ded44b2b8|baseball_mlb|spread|2026-08-28T22:40:00Z
2026-08-28T12:00:01Z|be758520-7ec1-4a75-996e-628870a5749d|bb56c7aff454b1db72c8955c5062623439fb2beadcd9d95be882641961012a6c|americanfootball_ncaaf|moneyline|2026-08-29T22:30:00Z
2026-08-28T12:30:01Z|3f6217dc-4c8e-4a5a-9bb8-d39e778009b6|58e504fcdc5774751520083f2e63597b0fbb34b5a939d91afd51230971cb6322|baseball_mlb|spread|2026-08-28T23:15:00Z
2026-08-28T14:00:02Z|7cafc1b0-ed71-46b8-88b8-14967def20f7|9272e241e7dbc732b20015bb8458a8b8962e626c94cbc5956e1b2ca1d87fc251|baseball_mlb|spread|2026-08-29T00:15:00Z
2026-08-28T15:00:02Z|aba25d0f-7db5-4dc0-b619-bf5a0dd98e2f|e8b3400143b85958443402d58d363c25be5a8daa5e5d7338f94f496a283f8c82|baseball_mlb|spread|2026-08-28T23:15:00Z
2026-08-28T18:30:02Z|6813dd9e-9e2a-4ea1-96e9-44a083dbac30|f269a98b9ad4fa1afb850e5d3993021a85adda92e0c6811991250422d64b26c9|baseball_mlb|spread|2026-08-28T23:15:00Z
2026-08-28T19:00:01Z|e2e4ee08-b426-4c26-9112-4df98b330147|c4b9bbc393a501c10e5dd6dbb4434439715524f81d187cc07cde7fe5afebbf57|baseball_mlb|spread|2026-08-29T17:10:00Z
2026-08-28T19:00:01Z|9ba1245f-da8b-4274-a4ba-e49bc4fc0259|365b4f2dd76d2d1f490aa00436d6a8d4923c0136232a45083c9e146a1ec8dc33|baseball_mlb|spread|2026-08-29T00:10:00Z
