2026-09-11T00:00:01Z|4b8aedbe-29cd-47bc-a8d4-042cacb9b176|f37b685f9c94e24dedd01e448065246b695d9568c6b2e6bb69a9da0da965c11f|baseball_mlb|spread|2026-09-11T23:10:00Z
2026-09-11T00:00:01Z|a0e31e5f-d4f0-4713-a107-9ec9f3a5c4f3|ff18db52a5253b338a2a18d837687e2ac0852004a60b7f6215f65c76f85113a1|baseball_mlb|moneyline|2026-09-11T22:40:00Z
2026-09-11T00:30:01Z|2f6f21bd-ca54-4ceb-948b-69ff13e73d83|2e461e97b3ab04dad94ab4a417c1cac7cfef01d0fe71751fdd93075fd403c3ac|baseball_mlb|spread|2026-09-11T23:07:00Z
2026-09-11T01:00:01Z|b22660ad-7053-4c74-8512-d35f5fc4f836|062491cf75d359ceb233794e43608e50e749d951fa4fca930d2824ec660ea484|baseball_mlb|moneyline|2026-09-11T23:10:00Z
2026-09-11T01:30:01Z|6e4ac9b7-b745-4051-b067-096b773c9f33|4a7950413b6ac38486d6564a64c56ecdd6417cf3c28964dc74b0a0fc68262b38|baseball_mlb|spread|2026-09-11T23:07:00Z
2026-09-11T01:30:01Z|6e450e72-0728-43cb-a528-412b8eccb10d|b196d4179b9bcc62b8fb1df6b7edc0f960fb3128b7208fc04c1160fc95a1a04e|americanfootball_ncaaf|spread|2026-09-11T03:59:00Z
2026-09-11T02:00:01Z|c25209bf-1b41-4592-a07c-a801dc611554|a97aabee1cbb16a5092f109ff912890f5a87ccf1f881a7b4880a6aa13c2ffd94|baseball_mlb|spread|2026-09-11T23:05:00Z
2026-09-11T03:30:01Z|d8383f57-1d58-40d4-b4ac-9e552f310d7b|d59ff543ffe92065788e179b131cbb7ebb9862259838dbc4cb936a2a3c8624ce|baseball_mlb|spread|2026-09-11T23:15:00Z
2026-09-11T03:30:01Z|3f3098b0-2f79-4d26-ab5e-f0ac8a65465e|72ea1ebaffa41a4ccef74c4ce5fc5e9f5c60da1d336dda37c70012b4830ff64c|baseball_mlb|spread|2026-09-11T23:10:00Z
2026-09-11T03:30:01Z|cc981a9a-b605-4b11-96df-f5785b82021b|879bad2ac338b5734854d2eca83de78eec4ac30cad6852f3267d91eaac3b2bb4|baseball_mlb|spread|2026-09-11T23:40:00Z
2026-09-11T04:00:01Z|aebe28be-900a-4bc0-bef7-17b280e0ddca|ada327a834ca42cf2b3f04fcab6523c4fbb3d962a98b7b1906ad85b704473493|baseball_mlb|spread|2026-09-11T22:45:00Z
2026-09-11T04:30:01Z|c20168b9-2c93-45f3-8b68-1d637ab1628a|cfd9c1689ff8405890eb2e1d6ad308e3477e2c2f3a2ab1579d24b7009b4f58a8|soccer_epl|moneyline|2026-09-12T14:00:00Z
2026-09-11T04:30:01Z|b0f4bce5-bf5b-4ebd-8aca-07a421964039|a0e351cfcb15bdf78b0edf2075bb3fb049f98c366dc5db5af8a6ccbeefe905f9|soccer_epl|moneyline|2026-09-12T14:00:00Z
2026-09-11T04:30:01Z|a136d24b-7e02-4755-b68d-a074410bf4fa|1f1188d415481c3826b0bafb2a4ffef7c4559e9cf8d031f704d4a81f0ba01f76|soccer_epl|moneyline|2026-09-12T14:00:00Z
2026-09-11T04:30:01Z|569faaba-34d7-4600-b9d8-dcef1ef4a37e|0315038f11ddc6c07a00f5627ea6219e82f548f13ccdcffe25e392c19b44c019|soccer_epl|moneyline|2026-09-12T14:00:00Z
2026-09-11T04:30:01Z|6d7290cc-6408-4661-84c4-9679efa8f162|08d71e7d1ece4c7dbd63ea1294af32c5c43cb5a170134ba9792a016d67812f82|americanfootball_ncaaf|moneyline|2026-09-12T16:00:00Z
2026-09-11T04:30:01Z|d7e0265d-684a-4a44-b375-0460bbe48095|166f77b6d848712724ca45f13fbdf2aad4f80636dad14627a51de6d66e739f67|americanfootball_ncaaf|total|2026-09-12T03:59:00Z
2026-09-11T04:30:01Z|bcf59241-0291-45b7-8271-c824e31bc457|5e06860a00e5bdc77c41386db36ba0be57d0cd3b69da7dbaa4957d54fe528c00|soccer_epl|moneyline|2026-09-12T14:00:00Z
2026-09-11T04:30:01Z|6a3aa374-d9cd-4606-92ae-ab35b17a019c|338bb88048f1c1abcebd2b6f35ac45748148738ce2f514ba0798b765b69081ba|soccer_epl|moneyline|2026-09-12T16:30:00Z
2026-09-11T04:30:01Z|daff6c51-5c3f-47db-9c3b-82d61d1226b6|6bf8eac23c4890812d04f210ea25913655ca8dc60fd3b92d2f027b54dde9a37f|americanfootball_ncaaf|moneyline|2026-09-12T16:00:00Z
2026-09-11T04:30:01Z|0a25d72e-db9b-48e5-8cb4-512dc667c054|8f0bff97d5e21ac0cd3ddd308f618d8c31a04ecff35368aae67cbff63e482318|americanfootball_ncaaf|moneyline|2026-09-12T16:00:00Z
2026-09-11T04:30:01Z|bc400f37-9d43-47ac-b995-60858b5c2ab6|f2929073cdc5ed0053eea46d09eda33cd54a030bcd031be73f5e658e38b4c270|soccer_epl|moneyline|2026-09-12T19:00:00Z
2026-09-11T04:30:01Z|6dcb4784-2a36-457a-aa78-15e1c869b746|63690e4f4898a9d4cd1dc508ab8d4d2d7d85852d5fd9c4ceb7f5b5c5b3f4c050|baseball_mlb|spread|2026-09-11T22:40:00Z
2026-09-11T04:30:01Z|36eaccea-0929-4672-8f6a-cd5a4d973d05|286259713a48128ede7c896339ee2e02a4a4466454c9871c435370f170e69fd2|baseball_mlb|spread|2026-09-11T23:05:00Z
2026-09-11T04:30:01Z|1aad87a1-e440-49d4-8352-e588dd42ddaf|f825c1625f4ba7c3966d1a9a6b54dd10075a12bb5615299f03033a47aeb3da35|baseball_mlb|spread|2026-09-11T23:07:00Z
2026-09-11T04:30:01Z|952bcf11-48b7-449f-8634-62be0115dea9|f790d6d1cc73d433b22fcd22927ea4e2c951400e65956ce1f24423a9d5c2376e|soccer_epl|spread|2026-09-12T14:00:00Z
2026-09-11T04:30:01Z|e3e6d418-ae7e-44c0-9b3f-8589d59b837e|7258ac25909f1ebcc3926d185fae0f349e91a5a93ba3ba44a8e6b26be4891b7d|soccer_epl|spread|2026-09-12T14:00:00Z
2026-09-11T04:30:01Z|45822d9e-c2a7-4fe7-a2eb-834860c9f811|20824eb344cd226968543d5b5a8b23d5d92d603735b6c455cb3407079c31fa83|soccer_epl|spread|2026-09-12T14:00:00Z
2026-09-11T04:30:01Z|bd51522a-6f71-445a-befb-fe1f52c49b61|5f4a5c79143c5bed863ddc97b215fb174d00c0f91e17de92fd350b51479666ec|soccer_epl|spread|2026-09-12T14:00:00Z
2026-09-11T04:30:01Z|adba2403-80ac-4c85-9498-544b5e57f00c|c9ddaea34e85ae154a3893ca881fa93570593051c8a6e4547795dad366826b40|baseball_mlb|spread|2026-09-12T00:10:00Z
2026-09-11T04:30:01Z|47e2ae71-c6a9-4cd5-9108-51a2cf8344b1|658f4507720da27600b62286d72303fc9ced74a379a52fe53b77e02b0e2f1f31|soccer_epl|spread|2026-09-12T14:00:00Z
2026-09-11T04:30:01Z|43d34ad9-2860-473b-ad79-f27e14806b0b|89490eb026c76a46b2cc1ef736491c009c107386fe22cc5835c51fc52ce7997c|soccer_epl|spread|2026-09-12T19:00:00Z
2026-09-11T04:30:01Z|0ab4fd3b-3183-4dc7-b3ea-3702a300be70|b46e6ca578a48fe3f743e1cddb00463222db5d4499d2accc053820e1c79b7d3e|baseball_mlb|spread|2026-09-11T23:15:00Z
2026-09-11T04:30:01Z|36e8ff85-3a4a-4826-b7ed-99f9d3cbfc66|341a9f0fcbaa239e4010e5a46b4c18f3a9979315f2301c356a9ae1cd0d4e2d17|soccer_epl|spread|2026-09-12T16:30:00Z
2026-09-11T04:30:01Z|72def83f-6528-43f0-b4c2-ff2008d1516a|36eb84f407ca738bf6e39ac7b8d9d13682c0f1819fe7ebdf732b0b0018176109|baseball_mlb|spread|2026-09-12T00:15:00Z
2026-09-11T04:30:01Z|6f49abef-d2cd-404d-85b6-19f2e6fd2afa|bf5a284c9a64dc2814e4924f36d3477680049d303d7e5077bd7f448c3fb811ca|baseball_mlb|spread|2026-09-12T01:40:00Z
2026-09-11T04:30:01Z|b128fb1b-a5d6-4c0f-b55f-dfafc996c071|f1adcf5c2baa9adf676ff61a429c59466a6b1378c1d2a86765214ebb031afe07|baseball_mlb|spread|2026-09-12T02:15:00Z
