2026-09-30T01:00:01Z|cbeaa170-6dbb-4193-b148-8f7c6ba9d851|7b82bb38325fdc9d47b155719c32e30f4be345d6427601ce3dd05c617ace3a61|icehockey_nhl|spread|2026-09-30T23:30:00Z
2026-09-30T01:30:01Z|a1deef0f-1df5-4da4-a92e-4fb2651b7248|286d79f1806cdbd497f3589b640559c8dd88350b891bb1b3fe10eee973795131|baseball_mlb|spread|2026-09-30T21:00:00Z
2026-09-30T01:30:01Z|3c0e58a5-35a7-4d3c-b4d1-d51b64fa7125|28e297e192acad28e7ac43d28d6c35c2b020bbef188712583527ca66837fad37|baseball_mlb|moneyline|2026-09-30T21:00:00Z
2026-09-30T02:00:01Z|5f9ea7df-7fd0-48a7-b299-4f8a5e20797d|a776c8b8be1de4a3ace310f4849c9ddde854c4a01f64ea1192cf021756183392|icehockey_nhl|spread|2026-10-01T02:00:00Z
2026-09-30T02:30:01Z|83c5b4f2-6ec4-44ca-82d5-e2d46b0f5d3f|05a1bd8fbf80ae7fd5bde913d8b9d0ee8b52ae4d3f125252fd11fde9687dc545|baseball_mlb|spread|2026-09-30T18:00:00Z
2026-09-30T05:00:01Z|f160d07e-319e-45a1-a209-f5dd12347967|8547704bea21083b8a7ece1be57fe220991466cb7dceb7d60510124f99dd5890|icehockey_nhl|spread|2026-10-02T00:00:00Z
2026-09-30T05:00:01Z|88d326d3-ec20-4aeb-8bca-f7800aa36c47|4e5b8b39c3024c470f8dc9d7e06eef5cafeb82f6e530f8e23b6c41fda0219ad9|icehockey_nhl|spread|2026-10-01T23:00:00Z
2026-09-30T05:00:01Z|e2a76a5f-ca78-46c8-acad-a8ec3f11f8f1|42462eeb301c19fdbd666b01ec4e7f476417a376e637ced9bdd8bea2992c8445|icehockey_nhl|spread|2026-10-01T23:00:00Z
2026-09-30T05:00:01Z|7dc7aaf1-43b4-43d2-8420-8429a5390f4e|7e5083b418d784ad6ea0ce17feef212ac86f4a3db5fb51fefce25d94703a2ddf|icehockey_nhl|spread|2026-10-01T23:00:00Z
2026-09-30T05:00:01Z|9614b3c2-6b7a-417e-bb75-c2c0cd1fcb27|c18068c3b39f7f2b96fd4e28891988fdb889f1047aeb6b9483c8e34bb224197d|icehockey_nhl|spread|2026-10-02T02:00:00Z
2026-09-30T05:00:01Z|9f0c1cc3-a476-4f99-87eb-c9829f50d7c7|3c55727a08d5cbe43461e3a04f2e0a82b130ed9e1080aef542978dbbb9040841|icehockey_nhl|spread|2026-10-02T01:00:00Z
2026-09-30T05:00:01Z|30c018dc-7f0e-40cd-8c56-9db753b029bc|cd74afd5332e55a723e8024aac5da5678c268e923684a2d8f8c3de801a2da727|icehockey_nhl|spread|2026-10-02T02:00:00Z
2026-09-30T05:00:01Z|15d52cda-485d-4821-be68-4fedc61ce152|9651a1cf266c1684a65158cc65baa8e47af2e45915a717099fea53a84207d649|icehockey_nhl|spread|2026-10-02T01:30:00Z
2026-09-30T05:00:01Z|21832035-bf32-4a5f-96ef-274b5ec9017d|a89482180f235097e4311afe1e8cc5e57c6363d856bccc1e61654f9299f417f6|baseball_mlb|spread|2026-10-01T00:00:00Z
2026-09-30T05:00:01Z|31ba4d95-3411-4443-8311-7a792a9ab50d|aba23539a6f590588846b4a215d7b5a59c904343f50eeec9ecd0a8b389830c1b|baseball_mlb|moneyline|2026-10-01T00:00:00Z
2026-09-30T05:00:01Z|effbd81d-bb17-4292-9102-1c089ae7c985|919c2fc5ec28d5482d3a576af878bbc5146eff2d589fb6f9911b0124602f0f1f|icehockey_nhl|moneyline|2026-10-01T23:00:00Z
2026-09-30T05:00:01Z|93ed8c0a-f2c7-4395-b53e-d2460c61e1e5|7fa04e472686a31313ee07437415ceacb0293525a9c720bc9fbab266f964e34f|icehockey_nhl|moneyline|2026-10-01T23:00:00Z
2026-09-30T05:00:01Z|30b90e17-d237-4ad6-a9d7-bfc99895990d|a77393514047d6e2bf6be033422a83135cf15a9164b885121ced95435ac67c61|icehockey_nhl|total|2026-10-02T00:00:00Z
2026-09-30T05:00:01Z|a5abe399-8180-4b03-9a56-e4a899f76979|d3dedb720b3e50eb52019be663172b301f06bc1dfd5a7144555102eaefc83c9f|icehockey_nhl|moneyline|2026-10-02T01:00:00Z
2026-09-30T05:00:01Z|ab532bd8-25d3-443c-90c0-56ad12926ae4|84c0520eb61470d53c24415b429e281b3af8967c570dc4520e07fa7cdfde3d2f|icehockey_nhl|moneyline|2026-10-02T02:00:00Z
2026-09-30T05:00:01Z|e9537e6b-a3a6-417c-8ead-ea5720dd9332|ce8398b86d0c1ba55d20e6be1cf8bb04d220d3a4049b40d84bfb1cb6acd2d825|icehockey_nhl|moneyline|2026-10-02T02:00:00Z
