2026-09-13T00:00:02Z|469600b6-52b7-410d-abab-0fe2fbdbc36f|a231658ebfca8de00358f439f09ebdf99bc6970140b32643ec3ce7588e682cb4|baseball_mlb|moneyline|2026-09-13T20:05:00Z
2026-09-13T00:00:02Z|8b31854e-5b37-434d-8299-0ae27f8ce9f7|a2e359df4ec05b41b3e951edef6f458e48e71ea7ada901e98c194643e2973bae|baseball_mlb|total|2026-09-13T18:20:00Z
2026-09-13T00:00:02Z|04bf94b9-edc3-4ba6-a5c7-0fff247da2a8|9ce192fedd80177b749f7402347fe29ff1416e63cd8ee1ae5f51a0e2071dcb94|baseball_mlb|total|2026-09-13T23:20:00Z
2026-09-13T00:30:01Z|7dc18432-f2e1-4947-a9d9-6a3ef7327196|d2e00f4bbc60230ef7a9e19e980a05fed6a34e3477299685c494e4a5bf722cce|baseball_mlb|spread|2026-09-13T16:10:00Z
2026-09-13T00:30:01Z|78222541-8eb1-4966-b81f-bf0f1165d683|404b8798033b8fbe17c0d0b6f7738f0652487e6a14607b40f6153dcc01a67a37|americanfootball_nfl|spread|2026-09-13T17:00:00Z
2026-09-13T00:30:01Z|cbdb8497-ca94-4abf-ba1c-341e7be84f36|19ac9ca6471ecf10ce4949c025872b8ee00be293a2cfe508e849c425be31c064|baseball_mlb|moneyline|2026-09-13T23:20:00Z
2026-09-13T00:30:01Z|f60fa929-16da-4568-8cbb-e7672c4f0856|0e5eae65ba7bb120175d6cb725b37c3adb7a51ee831c0ae19b1834eb486a8ae9|baseball_mlb|moneyline|2026-09-13T18:20:00Z
2026-09-13T01:30:01Z|cb27bbfa-43d1-4d8a-b04f-4dea9d3f29eb|f881811e0d8326e2875fcd5f9f8d4daece4435ee7f3f07b4f6579a1cc03e1130|baseball_mlb|spread|2026-09-13T17:35:00Z
2026-09-13T01:30:01Z|988bd8f5-d337-4312-9a90-971e3fa735b6|aa4805c33b743e16fd0baaaed821c00673a27ebcaa96f4101d5b26aafee37fa5|baseball_mlb|spread|2026-09-13T19:05:00Z
2026-09-13T01:30:01Z|93817c79-3fe1-4b92-8d17-d95bc26ad3d8|df028531595d8bc193b68a1efd03d486a5e69aa206412e72888c094f6e817a15|baseball_mlb|spread|2026-09-13T17:35:00Z
2026-09-13T01:30:01Z|cdf665f9-136b-4af3-94eb-e1450e6b490f|1f28b4c81100192394a6bf2c2121ade4ee6cfdb7bef21278545773c03ad13317|baseball_mlb|moneyline|2026-09-13T17:35:00Z
2026-09-13T02:00:01Z|be421706-3ab9-4944-bef4-b98c8d7d8172|8bf16f55e928d2bdaec8341f903fc896aec7f5b3e94c50fbc9f8ef73f836e284|baseball_mlb|spread|2026-09-13T17:40:00Z
2026-09-13T02:30:01Z|b3432c2b-0421-40c1-ba91-11c56fdc14d8|adadc0acdeaa3580f750dcb4bc68d90436031caef5cd5a4f3282368c5bb2016a|baseball_mlb|spread|2026-09-13T17:40:00Z
2026-09-13T02:30:01Z|99f0c6e6-942c-4f56-abe2-01309e112835|9386f40d4dfe0795f8aa757216b9b9490bd3f2cfa77c251e844b73d4d0a740e2|baseball_mlb|spread|2026-09-13T17:37:00Z
2026-09-13T02:30:01Z|203ad85e-c024-463a-961e-f724866b47f6|5b48f7520be5afcd239de9f5f18d4ea7b282bec1af4b89ef4646eef5195a27a1|baseball_mlb|spread|2026-09-13T23:20:00Z
2026-09-13T04:30:01Z|0366cc64-d3fe-43f5-905d-5c116b6c9650|73d36df318fde3e89a8cadbddeeb8aee70eeb3cd0fd88e4d58901ad3200b49e5|baseball_mlb|moneyline|2026-09-13T18:10:00Z
2026-09-13T04:30:01Z|9954d69b-fb1e-423f-9e6d-243e2c9017eb|12b3e273bd7bd57571c2f51c08b758c32366616e0d8aa418b7eb7a223c0e6089|soccer_epl|spread|2026-09-14T19:00:00Z
2026-09-13T05:00:01Z|18578a92-16c4-4ce7-9ca3-606270e4cbe7|e7ebce5f33325205138c7b7c4e1017fbef7de4246440e932e0440092f7f5e0ed|soccer_epl|moneyline|2026-09-14T19:00:00Z
2026-09-13T05:00:01Z|58c758cd-53ff-490b-a34a-9bbdfeff5bb4|7a59dcd158cf098be961b21d7bd6e677ecfa3a3f41089f14d3417864e3e06ca6|americanfootball_nfl|spread|2026-09-14T00:20:00Z
2026-09-13T05:00:01Z|83479df1-8856-4d9a-81ca-adcfae1e06e0|0f626c24ee5a395c2b3c370e45678a13b2447f443b3a672e6eca48a14e5953fa|baseball_mlb|spread|2026-09-13T18:10:00Z
2026-09-13T05:00:01Z|b1f6fd03-a051-49da-977a-a6cfcfae1774|5d8214dc0f803f83f1c6736f41b6f44427dd4f382ec3c88fe6b68a0ce161164b|baseball_mlb|spread|2026-09-13T20:05:00Z
2026-09-13T05:30:01Z|0e2f3574-7d1c-42d8-a71d-58bcaf2e4851|b3704fb9b7fddbb49a1c67ae29b62be482cea19138aea02d111f71ce6ba68908|baseball_mlb|spread|2026-09-13T20:10:00Z
2026-09-13T05:30:01Z|e7cad204-dd3e-408d-acbe-e6a82508dde3|8c05021f9e55f8a842d859c7b09f18468346f25ba021439c1799d70bbc8a9017|baseball_mlb|spread|2026-09-13T16:10:00Z
2026-09-13T06:00:01Z|d5b62370-3665-4034-8a68-d85bfe75249b|8f825385700d710679c3625c58a5dc48ade2ad7ee9c264255d3ab1eb237770e6|baseball_mlb|spread|2026-09-13T17:35:00Z
2026-09-13T06:00:01Z|925a22df-1a5b-4dc7-a816-7d744b98be3e|dd50ae4e48c6ffe12978d1f804d948d5e5e7113797a75be28f85b70c825be808|baseball_mlb|moneyline|2026-09-13T20:10:00Z
2026-09-13T06:00:01Z|a0c5fca3-7719-4865-b39f-4b7f2ce596db|d122a61e5befc935dd7c435b87a40bb9fcaa38451b8fefd4491f39aa5d1ce8db|americanfootball_nfl|moneyline|2026-09-14T00:20:00Z
2026-09-13T06:30:02Z|cf9d2337-e77f-4b62-929e-4d5abdc7171d|d62fa5280f99d5162dbff8d3767ef18b0a6eb087beac4dd44aaf78d26f0a9526|baseball_mlb|spread|2026-09-13T17:37:00Z
2026-09-13T06:30:02Z|e1d96ffd-a1d5-4060-8479-aa61eefc5c64|3f8554af8f4f44674d92a79de220e360513f35e5b428d84a2e6525d05d9af4f0|baseball_mlb|spread|2026-09-13T19:05:00Z
2026-09-13T06:30:02Z|5b564992-34f3-40f3-9142-f91d692e9578|4e2327677d95d650c2bde6fa1fb8c1410f67a651f6ce03f874b160f6ddefe5fd|baseball_mlb|spread|2026-09-13T20:10:00Z
2026-09-13T07:00:02Z|c847669a-b47b-4d90-925a-0efeb13000ed|3bfc4f6d7b5c87f5be8ad3540af708a4f5399783fafc241b1fc7a31a96f090a7|baseball_mlb|spread|2026-09-13T17:35:00Z
2026-09-13T07:30:01Z|c059d3df-74ed-45ff-84dc-bd5d86905794|3b7f7038153e619071e6dd5073ac7380fe301970745efc1b63591eeb45500793|baseball_mlb|spread|2026-09-13T17:40:00Z
2026-09-13T07:30:01Z|59cd5af9-bea5-4104-8ad0-e2c6476c6b0f|c31c15a1b26630019d8789a3996914abe31cff9607f7260e1b04f984f62703ff|baseball_mlb|spread|2026-09-13T23:20:00Z
2026-09-13T08:30:02Z|e76cd369-ac9e-41ad-9d0e-b8a91ba91635|4003e8009b8a9e4757395cc85aa5edfb7beb0aa52b627f248995d2d358e6ed27|baseball_mlb|spread|2026-09-13T17:35:00Z
2026-09-13T08:30:02Z|c3c6ae73-be01-43f2-a7de-a5c27d15bde3|5343e970ee67fda45a4ab19525664c6d517669580395d48b91568ff74522821f|baseball_mlb|spread|2026-09-13T18:20:00Z
2026-09-13T09:30:01Z|1e8334df-1e8f-43ae-8c04-196d1bea593a|1f70f5a72688613247d17f003ce471e0e282c961179279d0d82f1e8efdafb0aa|baseball_mlb|spread|2026-09-13T18:10:00Z
2026-09-13T09:30:01Z|6a74f503-9c26-4768-abe1-e9a46a9a8927|7f05364793c64a7ee4b834188b561e56ad1911441fbbc36cbcf4c58b57c46220|baseball_mlb|spread|2026-09-13T18:10:00Z
2026-09-13T09:30:01Z|8cb480e2-b629-4159-8b7c-c48bd3e53807|ce10fc3babb159d8c2dd929ed48e7043adbb6a061c8b711db3f6d41128e85c10|baseball_mlb|spread|2026-09-13T17:40:00Z
2026-09-13T09:30:01Z|4d5f8c35-c83a-4d90-aecc-e8c740f1c327|c59b0170c399b0faaab2e53440b751d69c11d41d96b9db3216970c225e8bf4c5|baseball_mlb|spread|2026-09-13T20:05:00Z
2026-09-13T09:30:01Z|3fb4b79f-ca80-45e5-90a6-51227a6684e0|88f70226c855a5f7e845e38e548b944908d0b14b6d3e279ba6d725d41f9a5617|baseball_mlb|moneyline|2026-09-13T18:15:00Z
2026-09-13T09:30:01Z|0caca6a9-c4e4-45c6-8e1d-b00edfcb0a92|eeef4bd593d00149fbe09b11c21b8168a5eb3a3a7b31c8c3fb3d3071a55cba7f|baseball_mlb|total|2026-09-13T18:10:00Z
2026-09-13T10:00:02Z|0b1b8542-be3a-4720-8d91-26b51649bc4a|9d970062918045bb92616b8230f6968ec25c8190a26583033983a23a3c9c264d|baseball_mlb|spread|2026-09-13T18:10:00Z
