2026-08-26T01:00:02Z|ffc5dfe1-624b-4d3b-a928-d03d127ae62f|edba9813cee381e519a067d247a219e60ad668c1281d77f94a2369ffdb6f81cc|baseball_mlb|spread|2026-08-26T23:15:00Z
2026-08-26T01:30:02Z|4f3c2b9d-7611-4fac-af36-e9233d0ad5c4|1ba03f58114f70ef6bedc860a1eddfd0e5aba90fa3a6eaee302af5ade261ae94|baseball_mlb|spread|2026-08-26T23:10:00Z
2026-08-26T01:30:02Z|018b0c8d-6498-49ee-8757-7edf9e6dc61f|9a174481e1060f4cb1a2002972c2c0d34cac4d83b1be33c2614c9a7ed8be5d84|baseball_mlb|spread|2026-08-26T17:10:00Z
2026-08-26T02:00:02Z|d1500d78-36f4-47ac-8908-1cd341ad04fc|598510accdca2148e034f0727709edc485c5131d46dc5833ac1404c4d4e2ee29|baseball_mlb|spread|2026-08-26T23:40:00Z
2026-08-26T02:00:02Z|392e3ae3-0ccb-429c-adbf-15f953cfe43d|34262d6e451845694c0d1358ee870d3bdc5711972e4f5f2a7e778a9dbdb72f53|baseball_mlb|spread|2026-08-26T23:45:00Z
2026-08-26T02:30:01Z|0eb3f286-efa5-4858-8b79-9bd41dd6373c|16f9808e9ea8f2020e7346e8ca518a6c66a97ba85ac4208d85379a38574b2b38|baseball_mlb|spread|2026-08-26T20:10:00Z
2026-08-26T03:00:01Z|be91a8ff-b7db-450f-9005-2485a7a0eb43|a5aa16d7677b9d9c5e8183e0ce4782110b5dd781585f0c376666ad236fa229d2|baseball_mlb|spread|2026-08-26T19:40:00Z
2026-08-26T03:00:01Z|f83c2141-1b04-47e4-a108-4a406bcce6aa|34750a6f7fb49432ff7486040f3d601d899f14c0fe4c69c1820954686db4df04|baseball_mlb|moneyline|2026-08-26T22:45:00Z
2026-08-26T03:00:01Z|e2a741c1-31d4-47ed-af11-04128a3decc4|72166170821b8ea262495f362ba174ab35a66a1b27e72dea28d480917dc86cad|baseball_mlb|spread|2026-08-26T22:45:00Z
2026-08-26T03:30:02Z|a6847e0d-5645-41a6-a9e1-43bceb770705|5bdf366d64e53aabbd4350efc0410073f20aa17b397cd3258585c42c1b98c2c0|baseball_mlb|spread|2026-08-26T19:45:00Z
2026-08-26T04:00:01Z|5c68f383-aa6c-4c5d-86f3-70ca24060a8c|2ea78ee6ef2e97b94d648b78cf7cf802bdb68fecef202b5f8570cfda7273a0b9|baseball_mlb|moneyline|2026-08-26T23:05:00Z
2026-08-26T04:00:01Z|154062eb-0282-4469-b13e-5d1ba6ad48b2|856cf6ee4cc6e5b514e2507d3725e520f6f704464d546ec17572175dea83fe28|baseball_mlb|spread|2026-08-26T23:05:00Z
2026-08-26T04:30:02Z|34d0883f-fc65-4388-989c-91855aca45b8|f4dd95325206c08cd35855e0633f69a55b90e8fa90b57b25e0d1382ff7108f48|baseball_mlb|moneyline|2026-08-27T01:05:00Z
2026-08-26T05:00:02Z|434c1bcf-927e-46b3-9f0d-2d3305263ee9|61d34f262e07d1894b0c7bbd04d79446fe4a84550e3f1c2076e02ec89a346a06|baseball_mlb|spread|2026-08-26T17:10:00Z
2026-08-26T05:00:02Z|2c693a84-5ac6-4177-8930-ae3eed0e9801|c0ebb1fb493b77ef99a27b4c5cd321358b5bb0146e4713ecda3c14aecd93368a|baseball_mlb|spread|2026-08-27T01:05:00Z
2026-08-26T06:00:01Z|24b288e8-99f8-4ad8-8c17-6ac5aecb4e29|0dff0787b345e5b8e2cf812f2ae90534addc5814a2e7c90bbf4c95f03359ae33|baseball_mlb|spread|2026-08-26T19:40:00Z
2026-08-26T06:00:01Z|5c91a1ed-6b81-48fc-b204-5d82c725a525|a89abaa744c79cd229d2f1549bb23ca1cd9d33357d1b57757752c34688553652|baseball_mlb|spread|2026-08-26T23:45:00Z
2026-08-26T06:30:02Z|08777d0f-bd6b-40b4-8d10-7eba5d0e2e28|85d744d46c47829e26a202bbf714bbed71b1d30644bc420fc0f3f8ab38322425|baseball_mlb|spread|2026-08-26T20:07:00Z
2026-08-26T06:30:02Z|3792a63d-50c8-46e4-9ebd-5aaa74e9986f|b88eada71ee5c0c8237ed4c18696b7dffa945bb3e0a0a3857b692384edf7adc9|baseball_mlb|spread|2026-08-26T23:40:00Z
2026-08-26T07:00:02Z|ad1fbf5f-fcb8-4205-8dd0-45097329bbd5|196a0fe7c3aff1ed98985f1261df947d0f4296979dafd1721052f5fbb4826a86|baseball_mlb|spread|2026-08-26T19:45:00Z
2026-08-26T07:00:02Z|6e8f1d15-a958-4607-8f61-a310ec5b3d65|5113fb2de443f075dc1c4bab044f65ebcc3ef319237dc73901d9567bd9edf8a5|baseball_mlb|spread|2026-08-26T20:10:00Z
2026-08-26T07:30:01Z|fe7b27c5-4ec8-477f-807d-4d419f380294|7f401e5039113b5edbba6ce8fb5541b9983be39a3a708c05d35cec98f6a2c326|baseball_mlb|spread|2026-08-26T23:10:00Z
2026-08-26T08:00:02Z|6c8d4cc3-0cf9-440f-9d9d-4ce93a5092a3|47baf5726594fa9816b591d38b5a2a605030edc1bac650e647aab41f2f342a1f|baseball_mlb|spread|2026-08-26T22:45:00Z
2026-08-26T08:00:02Z|bdbd9dd6-343d-44aa-b1a7-8be246dd6fd7|3dc4b6704f93004bca15030c30ec83ebdc25e3dc45c992b02e1ad0d834e813e9|baseball_mlb|spread|2026-08-26T23:05:00Z
2026-08-26T08:00:02Z|e47b13a1-2d16-404c-aa8a-751796722393|1dd194ec1f9960b102a45f25e089fba2e9a5378025a53eedc93e53a44a9ae1e5|baseball_mlb|spread|2026-08-26T22:40:00Z
2026-08-26T09:00:01Z|05f1853a-9f37-456b-9e81-962494af74d7|e557d39d198643cad804b131f7eb2b9124dd4df2814a30863b99857c22130a07|baseball_mlb|spread|2026-08-26T17:10:00Z
2026-08-26T09:00:01Z|ce4043e0-4615-41a9-81bd-896bbc75cea0|a5b5e2cd93cf2ac0d368259076dcbe400d7efef6f80c4c4d069e860730cc00d8|baseball_mlb|spread|2026-08-26T20:10:00Z
2026-08-26T10:00:01Z|964d86f8-389c-41bb-85c1-8ea8ed01ceeb|a965941e3e271a758086e403d79531288fda59e78683952a4bd6124fa235cda7|baseball_mlb|spread|2026-08-26T20:07:00Z
2026-08-26T11:00:01Z|ad544dfa-e1e7-40a2-9bc6-369d513a5e88|b0c7ba092e90364be009655c945ddd6a8b7b1c49249ca6f4994fdd9c56887fe0|baseball_mlb|spread|2026-08-26T19:45:00Z
2026-08-26T11:30:01Z|0a7a517d-f7ff-43fd-bb78-677635d967cf|6c0cc17bef87f41bb7b91b71751711e8588ec8bb4b7949303916637b7993a269|baseball_mlb|spread|2026-08-26T23:07:00Z
2026-08-26T11:30:01Z|cdd51f3f-b37a-491d-bff3-da7ef31ed1a6|ccb79cd6df4f6f1e24f86c0f6af84bbdb29e22fd45a5676f24894071dde9c58a|baseball_mlb|spread|2026-08-26T22:45:00Z
2026-08-26T12:00:01Z|179f66d8-8e99-4465-9734-070845ab5c94|d3db2e90c8cbbdf1aba3a5cf5caf7a083329ab0becaecc686b14b6aa617d5f02|baseball_mlb|spread|2026-08-26T20:10:00Z
2026-08-26T12:00:01Z|ce0a50ad-6048-4c72-b858-69c2cca946cf|d2f8543e79a1fbf6f4347a5f220ae8770e0aa1c29c46400fe7578149798fc2a5|baseball_mlb|spread|2026-08-26T23:07:00Z
2026-08-26T13:00:02Z|951c741d-e81f-474d-bcdd-d00868a36ede|08df0b06dabe638121c9a19058398d6ef758dd5202824df431c4d940275469c8|baseball_mlb|spread|2026-08-26T23:05:00Z
2026-08-26T13:30:02Z|3294f323-d587-4861-85fd-5e7452cc8587|3c576948597696b008476abe4b601c2311d54aa618d3d4dcb150a56992983bf8|baseball_mlb|spread|2026-08-26T17:10:00Z
2026-08-26T14:30:01Z|cd0d7f44-ce3c-4d9d-b584-64ae1f4204f5|98cf191c7d382d5c3396ed47b91a08553094e3ca464f1ebe0532060192d8fd05|baseball_mlb|spread|2026-08-26T23:40:00Z
2026-08-26T18:30:01Z|edec44e1-cb76-46d7-a52b-3576fcc7550e|26451eb71dd27c60bdfbb2612b40c7827220535c6eac7e4d520ab97c6e0aebf1|baseball_mlb|spread|2026-08-27T17:05:00Z
2026-08-26T18:30:01Z|b56dd649-31c5-45fd-bd4c-5eb23f1d7c39|f38f46eda4b947219dcf877fe0cfc10d6fe93dfc5b117ec437e5bf5374448551|baseball_mlb|spread|2026-08-27T23:05:00Z
2026-08-26T18:30:01Z|f0a1fb40-6037-43c2-8f24-fbb64ed84960|9125bfe3e72f6c88bc9023182da55351e29d898fa8f956a212a4c2c811863eac|baseball_mlb|spread|2026-08-26T23:05:00Z
2026-08-26T18:30:01Z|0f360e91-d608-4c93-92ab-218c8967c2b8|f5cf3af7bcf638cff5b8cb6c31a049cc496353a2a06cca975f31aaf509b0fa14|baseball_mlb|spread|2026-08-27T23:07:00Z
2026-08-26T18:30:01Z|429787b1-0de3-485d-b66a-a28ab42f4ace|1edbeaf27c0764b787bca9bb36db92f1ac419a758fce3ce4bfef4c4720b1440e|baseball_mlb|spread|2026-08-27T23:10:00Z
2026-08-26T18:30:01Z|09345b58-fd6a-462a-a2e9-a5c5d26e99ff|4d36c67adb9b398278edd67eb5a8ab285a1fca5a51fdcee007c864fa763a4883|baseball_mlb|spread|2026-08-27T23:15:00Z
2026-08-26T19:30:01Z|41cec8cd-a085-420b-8515-ee31d040674b|05735cc13598ed994c1984c95038d89bb0da30efa46fd4451cca7600dd8ff39f|baseball_mlb|moneyline|2026-08-27T17:05:00Z
2026-08-26T19:30:01Z|7248495a-327f-44b7-848e-b28ff506dc40|083f0d5966a80c8b0248cf9f157ca92a229867467bd9277d8fd1daf3d9559514|baseball_mlb|total|2026-08-27T23:07:00Z
2026-08-26T19:30:01Z|5cc0c9b5-9a7c-45d5-8125-2bde99107023|1cc9b2e9b131bc9ccb04b5dd41baeb48c43064cce770dc3c3126ce5cc7193703|baseball_mlb|total|2026-08-27T23:15:00Z
2026-08-26T19:30:01Z|c802550f-e48d-4d1f-bb49-679ec695ae13|6e76c63382dc344b64fabe8bd6c459a7fc398c8629a0ad6fe0e4807332c19150|baseball_mlb|moneyline|2026-08-27T23:10:00Z
2026-08-26T22:30:01Z|8e1f7639-bba2-47e0-bf47-5e4ca376dcdd|1b2a6c344ec5b06bff3d31b759dff3d92aaf878da73e2e73993f33bcb56bb3ee|baseball_mlb|spread|2026-08-27T23:07:00Z
2026-08-26T22:30:01Z|9804f297-9552-4e3e-aa59-5176aa905ed5|83e4de0d9570eeb15b659e11247c86e49801683a201e05381fdd0878843336a3|baseball_mlb|spread|2026-08-27T18:15:00Z
