2026-09-09T01:00:02Z|a46a546f-05be-4d5b-a191-01d1c069a020|158a9f095061fbc6a86f82b669eb28424d566fc133d2e28e9d8b514e15951713|baseball_mlb|spread|2026-09-09T22:45:00Z
2026-09-09T01:00:02Z|4e4cdf8a-6321-4a2e-8bc6-923e664f3940|091d9211c2ba48f2144e0ab3b0bbddcdbaa6065d66e24dd24a5ffe19c9ec0c91|baseball_mlb|spread|2026-09-09T23:05:00Z
2026-09-09T01:30:01Z|99a39916-08e9-4555-889e-8609f89fe76d|0a4d68f7a2f4b54312326a83ec4eab0119909781d7bf81df8ecdc4eed64b8c9d|baseball_mlb|spread|2026-09-09T17:10:00Z
2026-09-09T02:30:01Z|36f75ed4-c4f4-47ff-b08b-6bcbfc28dd0a|9448ecc07027997ae3ae9abd35efbde5b936512db473ccf1fcbfa8d531ad8754|baseball_mlb|moneyline|2026-09-09T23:05:00Z
2026-09-09T02:30:01Z|18d3229a-8ff9-41b7-8a5f-6713fb01d0cc|1f1dd8dd2e987657fff4a412dbfc52e3360eb770cb0babd96c39298ba9c69b09|baseball_mlb|moneyline|2026-09-09T19:45:00Z
2026-09-09T03:00:02Z|e2e35d91-7b53-4b49-b137-9a3c716d1d02|ef9827142cd8026f1a2c21258f33ac732ba50f63e9467a9d3aa3470bcc1768b8|baseball_mlb|spread|2026-09-09T22:40:00Z
2026-09-09T03:30:01Z|21b7e72a-e7b4-470e-92f1-088934b6c563|5c165f20270185b90f00f0933c20534aeec8cf56f0d7cbd55adae083f3212568|baseball_mlb|spread|2026-09-09T19:45:00Z
2026-09-09T04:00:01Z|0279dc0b-9462-4035-9a57-7d829d91a7d6|4590d1e44126b6edf5c340d1b30af5048018c4d1643077c0ad98e10165f53389|baseball_mlb|spread|2026-09-09T22:40:00Z
2026-09-09T04:00:01Z|fd295e45-472e-424e-bc82-925371506e4a|5e7fcb77a120e4de4614bb298056ab3f58539cf900d9cfbf03fe978a8ffed8b9|baseball_mlb|spread|2026-09-09T23:15:00Z
2026-09-09T05:00:02Z|92792082-60ce-49d6-a04e-72dbcad2293b|b69e241b476a45b7f542b295812b24aa664d0f32f79d3d7cd6d94b0a59ef9bf9|baseball_mlb|spread|2026-09-09T17:10:00Z
2026-09-09T05:00:02Z|8eb38c04-8e25-4ba4-8964-15913209b956|17f3b051b5ef421bdc9eb4f317249b3b963933bb0c4d26254be91f24bd92e545|baseball_mlb|spread|2026-09-09T22:45:00Z
2026-09-09T05:00:02Z|5a7a35b7-a0a0-46e4-a19a-4eca8625e8cd|88ee3f94262fc80829f1c90c6432a9f310ec56779a4f8c3eb015fc1cf3e7c99e|baseball_mlb|spread|2026-09-09T23:40:00Z
2026-09-09T05:00:02Z|181f1f65-b056-4d4c-873c-a1a959804526|cd054dbca7d203ae5e5ff5452bbced325290abe9dc99d1cc4a90767964f91c5c|baseball_mlb|spread|2026-09-09T23:40:00Z
2026-09-09T05:00:02Z|55497caa-5e92-4c2e-add4-45ef437cd9b3|193f283e5f1c74125407776c2ef784aca0902ec8f709738ceff23cecb0de8203|americanfootball_nfl|moneyline|2026-09-10T00:20:00Z
2026-09-09T05:00:02Z|4eb82bb3-4925-47c3-a2b7-b254d382238c|97d3cd403e1d7b1309e3ded5a886d225033a901d994c736c9b701f37612c62cb|baseball_mlb|moneyline|2026-09-09T23:40:00Z
2026-09-09T05:00:02Z|2ea823b6-863c-467f-8bd7-441ddd4b9d73|b9b0ded370371bdb28fdbc05e63975462fbee50b53361ac70b0221803266ada8|baseball_mlb|total|2026-09-10T02:10:00Z
2026-09-09T05:30:01Z|cb2fedd0-e2ab-4318-be93-99d62bc9d1d7|31b64579df8dc41717b310bba5c97689f8646b785a4103a5f056d383fe322798|americanfootball_nfl|spread|2026-09-10T00:20:00Z
2026-09-09T05:30:01Z|4072a659-3103-4381-bc1b-ef9ccb89f618|bd525036430ff42ae73c94662f324e9dc95c532a4d07aac9fc0307f2f4074307|baseball_mlb|spread|2026-09-10T02:10:00Z
2026-09-09T06:00:01Z|95ca834e-0ef8-4bd0-b77c-c0d68175c030|bdaf1d3ef3af5e8f0d194ac807398173143fc97fa5bb201b30e02ebfab7f67b2|baseball_mlb|spread|2026-09-09T20:10:00Z
2026-09-09T06:00:01Z|8feed54b-e122-4767-abaf-ee7fd40452bb|a52e3a4e2ef3889d3bd028ae4b443396132ca36265b3222ec329caf27cb03847|baseball_mlb|spread|2026-09-09T19:45:00Z
2026-09-09T06:30:01Z|87ddeae0-428c-4f1c-9c34-224fbb31a6ac|439b4df3c12b3d005cabc26c7e4abafc4176514c8a8b13a5df083c1c14151902|baseball_mlb|spread|2026-09-09T20:10:00Z
2026-09-09T06:30:01Z|35770f08-cc4c-40d6-92b1-546a2a3e1414|dca8fb9e5435569a94dcdc347efaa547065eaf01c2122013869fe8d913d89b46|baseball_mlb|spread|2026-09-09T22:35:00Z
2026-09-09T06:30:01Z|e29f8fff-7cf7-4f20-814a-f01457fbf0ba|34f1df8c82c9b4e1f1f51779b46c775f5216473b2da2e5c42d7b62301d91daa9|baseball_mlb|spread|2026-09-09T22:40:00Z
2026-09-09T07:00:02Z|884f2282-6a74-411c-9d24-08dc8b36f077|a7c44bc0c237642ec356ed596861d764082b35fffebec863161862cc56cd2ac1|baseball_mlb|moneyline|2026-09-10T02:10:00Z
2026-09-09T07:30:01Z|434392fe-8c04-4aef-81b8-895f6c754ace|cf027707fc8ba0d003031b14f8d667d9c97c4a4d45dc12a93efa6c8c42a5ed20|baseball_mlb|spread|2026-09-09T23:40:00Z
2026-09-09T08:00:02Z|e70b54ed-7cc5-4dfc-a796-b4438c64f3df|0ff424652194c27bd25387132409714edbe595c9ef39f999b08fcbd211dc7742|baseball_mlb|spread|2026-09-09T19:05:00Z
2026-09-09T08:00:02Z|a4ab3708-fa9b-4a2b-afdc-76eb012dfd2d|f7f343c87b01fe4eda7ff337ecfbdc658c95c70cc159bafb2da1a0a3531e32f0|baseball_mlb|spread|2026-09-09T22:40:00Z
2026-09-09T08:00:02Z|9fea4c57-00cf-4636-be45-ddf590f75314|a941ef4b80f234c483b49c08a8168c343a291af0e8a723123bf3c632fafdf377|baseball_mlb|total|2026-09-09T19:05:00Z
2026-09-09T09:00:01Z|a6362c62-6d81-4083-a89c-ecd0d990e92b|33c6f85aba6eddd365e745da1e7a7292067a01b87ff8a390492043768e296a0e|baseball_mlb|spread|2026-09-09T19:05:00Z
2026-09-09T09:00:01Z|b491976d-a789-4777-a1dc-4568445c20e7|37b7b6b8951ae6b8a8e09ab2816386c0b655d226db8a635fb77dcb7b8ccc7882|baseball_mlb|spread|2026-09-09T23:15:00Z
2026-09-09T09:00:01Z|d55a1f61-33c6-4522-b2d6-c6fcbbfd2d42|35981e7aa03feea23a69afe2d047fc2a07eac4be936fb980561f6a699c3aa073|baseball_mlb|spread|2026-09-09T23:40:00Z
2026-09-09T10:00:01Z|a87ee280-7ed3-4e02-8a96-436ca31c6ccd|b1808d64bd6f6831008e8df89164c9fea8fbeae7b30f75f5fc7fa7077955a20b|baseball_mlb|spread|2026-09-10T02:10:00Z
2026-09-09T10:00:01Z|1a4b42db-b935-41d6-8746-a36b5c7a8f86|5f3eb96c60568fc2c96a542f05ab74058eff37c79e871aec6faa577fecd91d20|baseball_mlb|spread|2026-09-09T23:40:00Z
2026-09-09T12:00:01Z|1d340bcf-add4-43a6-a92b-ea4b7182750f|e15e41ef4f7ca3b61144d7db6f1d5cdc87795d1a8749d941e954feb3ef8cc838|baseball_mlb|spread|2026-09-09T23:15:00Z
2026-09-09T12:00:01Z|f88ffdbd-2872-4061-86af-2c650d68d595|6ccc89ed7de46e1f1a72910607c5713e42815818bf3b3863272f813209c6076a|baseball_mlb|moneyline|2026-09-09T19:05:00Z
2026-09-09T13:00:02Z|930c1304-b2d0-40ea-a697-ec2d5047bcb4|238bce57a0f1ece6823dcee990ece3b65fad74e5a5de5c8116949ca7427088c2|baseball_mlb|spread|2026-09-09T19:05:00Z
2026-09-09T13:00:02Z|8865eea3-bef2-40cc-a298-38d33d8a6577|8258585d2182e028591159b8208bcba110f5ec3c4ef97daccd7603b63dbf35e5|baseball_mlb|spread|2026-09-09T20:10:00Z
2026-09-09T13:00:02Z|a4127ec4-9a9d-497c-a3aa-dbd6c15cff0a|e2a04f51a6e4595ef9c662350ba3954b6667bcb3f4e9d2a8c4e41ab549886db5|baseball_mlb|spread|2026-09-09T23:05:00Z
2026-09-09T14:00:01Z|31f9e7a7-35bb-4673-8784-ccca6e7d9c38|002a210ffbba78342948dcfc05d499a2d96636c4a74f32c0090440952956ae9f|baseball_mlb|spread|2026-09-09T23:15:00Z
2026-09-09T19:00:02Z|2dbd8561-9e0d-4be5-b94c-1484c6208dc1|d23a2527c98a715874b76527d13e77d766d5bcb03e5b7f92e0d10cbcdff5f8c7|baseball_mlb|spread|2026-09-10T23:05:00Z
2026-09-09T19:00:02Z|4b5dff6c-6b9d-4b05-a30a-5192d5f45322|24d705bb1148e83845e0c1632525579eb463059aac4e3ae6337c1e8b242767f9|baseball_mlb|spread|2026-09-10T16:15:00Z
2026-09-09T19:00:02Z|a2e17790-7571-45f2-9351-2e8ce62f7070|4dd1537088ad0788d3d479a01512219e7129e3a779d9805106e1f237c6f35b1c|baseball_mlb|spread|2026-09-10T20:10:00Z
2026-09-09T19:00:02Z|eb473023-bbca-430b-acdf-83b487fdce0c|29ec14298b10a2fa35b02c86ff3940d3638442c3b53ddc75b32896ea490b2e75|baseball_mlb|spread|2026-09-10T17:05:00Z
2026-09-09T19:00:02Z|5a64a962-e7f2-4307-9285-c72215e99bb6|bd3d151d1ef683c9729bcde8ff6f27c77d192f817fae8d0607a822cb06f06e4a|baseball_mlb|spread|2026-09-10T23:40:00Z
2026-09-09T19:00:02Z|44405f57-8271-4160-baac-c52182dfe829|20b8972d70056017f18991dfa8f7271f7b98e1c4ab13591190448aa7598513de|baseball_mlb|moneyline|2026-09-10T23:05:00Z
2026-09-09T19:00:02Z|e4be11f1-d33c-4820-bb78-f2e87668c3e6|740a82d7b7498c879b8f008db37492deb9a6b8b28c498905b1b0711e8453163c|baseball_mlb|total|2026-09-10T16:15:00Z
2026-09-09T19:00:02Z|7d90307a-5957-4fca-a1db-4825fe76503f|ac7384ee6ce86ca41015d48ac845e00f5ca151d1954f9c96ed7e62f93d6a9865|baseball_mlb|total|2026-09-10T20:10:00Z
2026-09-09T19:00:02Z|273136ef-4f1c-4f11-9cc9-9c5548af2a57|e297d52d9bee10cf8e35435170a9b4568a242dba03ae72f61fb46b03762de694|baseball_mlb|moneyline|2026-09-10T23:40:00Z
2026-09-09T19:30:02Z|cac13b19-50ae-438d-b100-1292fa73f360|5c12f22caddc90cca4475ee3011954e90f68b36d1387cb1c8ed6cc5d114c2e8d|baseball_mlb|total|2026-09-10T17:05:00Z
2026-09-09T19:30:02Z|82001a35-183d-4281-b155-1c799d458d95|e7664adf3191b29289cbdea5a54e2c5afe81a352c324b57f0aa5011f9e850e78|baseball_mlb|moneyline|2026-09-10T16:15:00Z
2026-09-09T20:00:01Z|82b39ea8-6952-46f8-8ee3-69b493f1e41c|6aa481886b7c2d5c64364e961fb7111f35ebd5f159c36fa3fe1991c4dd361650|baseball_mlb|moneyline|2026-09-10T20:10:00Z
