2026-10-07T03:00:02Z|2a94d548-1da8-4571-8981-90493c905abf|5398a487d1385355a5a5297e877487de20048dba4c8d1a697489d0ee2f0e5ad2|icehockey_nhl|spread|2026-10-08T02:00:00Z
2026-10-07T03:00:02Z|1ce95691-ec9b-4d89-9536-b108182077e4|32b4425019714ad20c93bc78e6b2fe235378abcde066f3f9b4041cbde10d03d3|baseball_mlb|total|2026-10-07T22:00:00Z
2026-10-07T03:30:01Z|44a28a9f-2c60-42c1-8611-d86579cb532c|6e9ea0d181fad501d8294e021d6e0dc2281f16982683354611623ced5f2f1fb9|baseball_mlb|moneyline|2026-10-07T22:00:00Z
2026-10-07T05:00:02Z|fab2fa88-7395-4230-98a4-f900bd66d55c|7700ded83c50c3d7ce1115c4bf3fb4e927f66a8201e4dd83ae1aa45a664aef00|icehockey_nhl|spread|2026-10-08T23:00:00Z
2026-10-07T05:00:02Z|83d3fbe5-fb28-4c7f-9ea6-77af823cc938|04ba52bbfe9c9713019106056d31d4c5c7ce25194f2c892511a99370b9f4255a|icehockey_nhl|spread|2026-10-08T23:00:00Z
2026-10-07T05:00:02Z|f5d45a21-62ed-44b1-8bd4-7341edeff128|2e294455fd49e7e8197102ef26bdf904334fe4b94d9a3a12f2d5dd51fbdc715a|icehockey_nhl|spread|2026-10-08T23:00:00Z
2026-10-07T05:00:02Z|a64dd046-1403-49ec-9ba2-79f5081a0349|4b758443395ed7f962bb651fb129864e2ca181edc8c456b2503cd15d41f8e012|icehockey_nhl|spread|2026-10-08T23:00:00Z
2026-10-07T05:00:02Z|e3a89419-40ef-4360-ba24-09eb298ff452|711cf14e864c96c0a3733045233d5fa9e7db51a911fa16d9d18260bc67efc0af|icehockey_nhl|spread|2026-10-08T23:30:00Z
2026-10-07T05:00:02Z|34d65559-80e5-45b4-a924-9e05a8e7b591|6d6702610d8c719fb618945a90ff028cff13c0649618b7aee49ea0a51ffc9937|icehockey_nhl|spread|2026-10-08T23:00:00Z
2026-10-07T05:00:02Z|3b22e606-795b-4859-a328-0f11de9fb845|4e821365261db8c35f3f025e58acacecb0eb6221a0452e0273cca4ee46246a82|icehockey_nhl|spread|2026-10-09T00:00:00Z
2026-10-07T05:00:02Z|ea2dae9a-a636-498e-b5c9-0b18224b0473|546abd88061b0dee20e5a7541926a7dd23e158df283bc02ea72ad95e0a8b4213|icehockey_nhl|spread|2026-10-08T23:00:00Z
2026-10-07T05:00:02Z|3f4e24d0-0b5e-40fc-9f65-c905257eb552|e433cf572c0c0669e9b2b7ba116a65e2e34b8c55b33686b36d30d60019a3d22d|icehockey_nhl|spread|2026-10-09T01:00:00Z
2026-10-07T05:00:02Z|1e51d25a-9237-4eb3-a77e-3c436f046c2d|4cd3e1cad189a6651fbeccd950e946c55b3637574939f8f76c89a1d17e3c4ca9|icehockey_nhl|spread|2026-10-09T02:00:00Z
2026-10-07T05:00:02Z|70a387f4-af45-48ad-836c-a8b058180b94|dab90b83d7ca62bf32a9df1a25765c6f93a07a56979eba7e7659f653c4e9f4f6|baseball_mlb|spread|2026-10-07T22:00:00Z
2026-10-07T05:00:02Z|fe32c44e-92b9-4889-8ac3-263fc4b268fe|22c23ab166e9778249118f432f30aee1b89b0cf619b65147aa83b7b45b8ca3d6|baseball_mlb|spread|2026-10-08T00:00:00Z
2026-10-07T05:00:02Z|41c4c5a1-1dd8-4dbe-a7a1-82db8ff6d4eb|487f959b91c40760784f2ff35f885310c5a876ddbfbd5a9e6be81a9035af50c8|americanfootball_ncaaf|spread|2026-10-08T23:00:00Z
2026-10-07T05:00:02Z|a4790149-93ed-432f-923d-d4008a6f10ce|21fbbb4a1cdb4673a2e91163a40b43887fdc4fbbbff3a2dffe574e6d7bf0c52d|americanfootball_ncaaf|spread|2026-10-08T23:00:00Z
2026-10-07T05:00:02Z|72de5b1f-8dfb-4c6a-bf87-fdf0e076fe43|df30e0d49723c7bab971027949934fd187378e093d787469bce1ac7128862e92|americanfootball_ncaaf|spread|2026-10-08T23:30:00Z
2026-10-07T05:00:02Z|6756d508-446c-43ab-a32c-16e98840774f|8f715252ac8519f9c0b4ba638b9fc0bdea41d2fc35da22ea2f4b737cdc69b2af|americanfootball_ncaaf|spread|2026-10-08T23:30:00Z
2026-10-07T05:00:02Z|00190cd2-42ab-48bd-a529-e3930a319b9a|d68835572da6c09721da8969d975fb8ba05d379a9889bf50db30bb82ed0fd9cd|americanfootball_ncaaf|moneyline|2026-10-08T23:30:00Z
2026-10-07T05:00:02Z|46f1f0bd-124f-46a3-bf3f-3f6a6568b6bc|f0908db57f12ef7a0e5b5ca2475537ed76240c7aef7f1cac195f218c3329935a|americanfootball_ncaaf|total|2026-10-08T23:00:00Z
2026-10-07T05:00:02Z|2bf8215e-340e-4720-9a46-a3aae55a4e69|81f133870220667b6ecaf4b2f9dcf93c3e2dc81fc4be78bcab05066b3de20b52|baseball_mlb|total|2026-10-08T00:00:00Z
2026-10-07T05:00:02Z|c9858494-f5b6-4dc3-924d-a51553194e38|88692652c4df63d4063896830f4ab232b2e2aa71809ad5c5392e360af161a6c5|icehockey_nhl|moneyline|2026-10-08T23:00:00Z
2026-10-07T05:00:02Z|c69dcdde-910a-4a17-a154-96a2d1ef3aa7|39981591b962c79f8dea9caf41c13544e7f41528cc233424d25cc02eca35661c|icehockey_nhl|moneyline|2026-10-08T23:00:00Z
2026-10-07T05:00:02Z|59f9c68d-664a-49d6-bf9c-d6978f5707ad|1633c28c73b50cbca45c78914c9afd4cf5e4b08af660f902afbdda3c45d7a62e|icehockey_nhl|moneyline|2026-10-08T23:00:00Z
2026-10-07T05:00:02Z|df1f522a-f262-45e8-95c1-e179a1246bbf|893ace29f81fb1d5f1d33a9f80d9e08f85474dd3c148c142718c1effbc6d7834|icehockey_nhl|total|2026-10-08T23:00:00Z
2026-10-07T05:00:02Z|2ae75dd4-a3ac-4115-959a-ad2015d0a1c9|8b157a2885d85f92d6b12b373c13631210c69c90ac012d7aad3f6ec50e6fa5bd|icehockey_nhl|moneyline|2026-10-08T23:30:00Z
2026-10-07T05:00:02Z|b4738851-ef41-4abc-b58f-bdbb4e5e9521|4db8d0443865ed849cb5cb186175f99137a615085a50379c55993f36ddb8a06d|icehockey_nhl|moneyline|2026-10-09T00:00:00Z
2026-10-07T05:00:02Z|e5e08e45-3664-48c6-950e-9c0508f5fdcd|ec2e202b3aa02029bb8513fd65cc8bcad1297cfbf2897b93e681decdac642fb0|icehockey_nhl|total|2026-10-09T01:00:00Z
2026-10-07T05:00:02Z|8fb10afe-7692-4cc4-b897-bc11f257e89d|f9546d78491802650c67465e2b3bd51540201eee8dab1698739660c7d54336f4|icehockey_nhl|total|2026-10-09T02:00:00Z
2026-10-07T05:30:01Z|e4032488-b5be-4cda-a451-d296dfc0340a|d4dd245f88803a59be528a07328c7fb2e7e8cc4568078247b374b3aeb06e2b2e|americanfootball_ncaaf|moneyline|2026-10-08T23:30:00Z
2026-10-07T05:30:01Z|30e40ba7-06aa-4543-a0c6-8aedcb442ae8|cd727831388da1312c3003e075862338f1063fe7dccd28f55ca92cbfee8cd57f|americanfootball_ncaaf|moneyline|2026-10-08T23:00:00Z
2026-10-07T05:30:01Z|4f703afa-0d6c-4a0a-abae-c0c82ae2ca37|a57648defba5d07780f02674a0d595b4c7f09a81ded411544974c39d30969322|baseball_mlb|moneyline|2026-10-08T00:00:00Z
2026-10-07T05:30:01Z|6c9f0f74-25cf-4d61-8d35-0a977f8ff620|001899ee6123b7d429f54889aebcf1306de2be70e8eac5ea7a147176d2e3c812|icehockey_nhl|moneyline|2026-10-08T23:00:00Z
2026-10-07T05:30:01Z|bd53d70c-1a47-4789-9bc7-5f7e2b7ca635|a44da9d5fac9ad18995b9f1ff504098d92ed0a23fdc7b588a69e5ecbbb69fe5b|icehockey_nhl|moneyline|2026-10-08T23:00:00Z
2026-10-07T05:30:01Z|ae0e90d0-f1fd-4bad-bba5-c72225b6326b|ace79712171aae4a0c3e6b2c60f9a19bad5659b59e2c6ad180f30fca982e594b|icehockey_nhl|moneyline|2026-10-08T23:00:00Z
2026-10-07T07:00:02Z|ee8de42b-5ffa-4e52-a2d1-dbf812e89faf|08d10e3ad60e6ee2aaa588d6ab37e65030464c7e209200ce25c0642be9243994|baseball_mlb|spread|2026-10-07T22:00:00Z
2026-10-07T07:00:02Z|749456ee-d223-4198-ba64-a6a1700a185a|8980687e91c3279515318c315cbdb92fadaf099cc1fddc4948ccb41f37a98be6|icehockey_nhl|moneyline|2026-10-09T01:00:00Z
2026-10-07T07:00:02Z|763de538-4c42-497d-9522-214ff5ae69e0|610a457697cd7178f79b1721765c89e955fdd50242c48a671c18f81862f60e95|baseball_mlb|moneyline|2026-10-08T02:00:00Z
2026-10-07T07:00:02Z|4c150ee8-6623-4e4d-aba6-fead7ce114fa|39c8e5c1c13e0b37b421eec8c69beed17f0cb26f77001b4532765f5b207483e0|icehockey_nhl|moneyline|2026-10-09T02:00:00Z
2026-10-07T07:30:02Z|f0873528-bf77-463c-b921-4c63415e5bd2|98f5913185b676e5e9386bbd102eec9655aef82f15cfe875903cd64fc7f4d84d|americanfootball_ncaaf|moneyline|2026-10-08T23:00:00Z
2026-10-07T08:00:01Z|8bc9a7c3-952f-45d5-8251-27b95b8464cf|9d00add6d53e14c2fb62745315b238473f33159e35a71480bcca95410fe50bb5|baseball_mlb|spread|2026-10-08T02:00:00Z
2026-10-07T09:00:01Z|8c3c8438-c076-496d-b5f0-e809823e42cc|00e1a7cf22b2cd40930244285ba8d16251d92bee1469bcab9ef6f48f85461ada|icehockey_nhl|spread|2026-10-08T23:00:00Z
2026-10-07T09:00:01Z|9389978f-8d64-4da7-9ce0-4233048e097c|ca8b5c97ca3751a223aeaed772a4ff76bc57d2397809dc42bd51909c92f16b74|icehockey_nhl|spread|2026-10-07T23:30:00Z
2026-10-07T10:30:01Z|aba7f20f-604e-438a-83de-78ee6e9f3d5a|d425e6a392a78686ec44623d404ad2464aefeb1387b8ad7e3200a9deec43ed69|baseball_mlb|spread|2026-10-08T02:00:00Z
2026-10-07T11:30:01Z|064a776c-05f9-4754-856b-c12b73d3d739|05d34dc31bb97f5ceff7104723850681364207da80ea6d4859df513c32c77d4e|baseball_mlb|spread|2026-10-08T02:00:00Z
2026-10-07T13:30:01Z|e5ebe47f-b732-4b11-bfc9-6a9bc2edb8b7|8485914b5d8bc139b51c85605e8acf09c17adf8c559eea4acd956853468d34e3|icehockey_nhl|spread|2026-10-08T23:00:00Z
2026-10-07T15:30:02Z|1232104c-c7d9-4779-b7af-cb18d9745f03|b5fc8f9354a592cc721395dca4af21209484ba3bb9efe346b6d0e3142f2283ce|baseball_mlb|spread|2026-10-08T02:00:00Z
2026-10-07T17:30:01Z|9a91b4e0-ff27-4cbc-8bb5-0bb7a267ab6d|e0c1933fb893a3383cb73a97835301b40431dc6821a10d0342bcf94d1cc5818f|icehockey_nhl|spread|2026-10-08T23:00:00Z
2026-10-07T17:30:01Z|908d06f7-d9ae-46a5-b65b-2bd1623941a2|7d1f74fddeda4f6aecc43e5fc9540bf2822646d35d88a3a606bc823c5b01b833|icehockey_nhl|spread|2026-10-08T23:00:00Z
2026-10-07T17:30:01Z|8cd04c30-f60f-438a-9e1b-02e5593734cb|de99099a81cfbd571f02efc1055da75797e2bb575f9679fc6162d213eca6e6f6|icehockey_nhl|spread|2026-10-08T23:00:00Z
2026-10-07T17:30:01Z|d6d0c43c-a394-4a02-a3aa-43fd2dcea92f|367334ee0752ec0defdd799d4af27906497cd2d318017b2dd3290465f0b2a6d4|icehockey_nhl|spread|2026-10-08T23:30:00Z
2026-10-07T18:00:01Z|43f19278-f28b-40c1-b456-3c90dd789ea5|47c0ffb4e6392e5fb3fd4cee23dd15affa72f7a1b23f597f66bd7004eea0847b|icehockey_nhl|spread|2026-10-09T01:00:00Z
2026-10-07T18:00:01Z|a2c42d2f-24bc-412e-9a95-0c8cb360aeba|3dd3fcc101297a5773ae32e9b6541e886fa315b7b3a2c15d308cd60122e90ee6|icehockey_nhl|spread|2026-10-08T23:00:00Z
2026-10-07T19:00:01Z|74c0379f-b563-47f1-a885-293a20616a6b|f7155bb5692ce22edb1d9f04c6f5435bee1f3719fc9ce8ed0083ed71bd2f0414|baseball_mlb|spread|2026-10-07T20:00:00Z
2026-10-07T19:00:01Z|234135df-04af-41e4-97bb-f73b1366c101|4b07ef18f8b4712077d8529defbad6537a1b423b9f961fc512d5570874430f74|americanfootball_ncaaf|spread|2026-10-07T23:00:00Z
2026-10-07T19:30:01Z|f0ab84a5-0981-4190-880c-2d6bdff41a00|99501019e6f6ba5b9915d054aba982791e0e83be9e1ccf9ad8e833439634ccb6|icehockey_nhl|spread|2026-10-08T23:30:00Z
2026-10-07T20:30:01Z|9b562b7b-525d-4d7c-91a8-3c0ac28073dd|965b930655c1cc269cc24ef3743f1a4d85d181cc912c6da601e6919c9d66526a|icehockey_nhl|spread|2026-10-09T00:00:00Z
2026-10-07T20:30:01Z|509c2dff-c524-4293-9a77-e9effa56aa3d|dc00d28e248fa8e7e9e89af1a26d524d278faa01d583237089357b373615f0be|icehockey_nhl|spread|2026-10-08T23:00:00Z
2026-10-07T21:30:01Z|efd7bb9d-fbd4-43b9-bca3-6977c34a420e|e26e028975c624b99327253ac338bcc5edb1e045d731e86df33676d8fcd8df43|icehockey_nhl|spread|2026-10-09T01:00:00Z
2026-10-07T22:00:01Z|5cc4b15f-4b58-4fe4-bf9b-c621c8523d9b|1e4c353df07afd0371003657beacb109a845fe071ea5fa8fa37b3d85928767f0|americanfootball_ncaaf|spread|2026-10-08T23:30:00Z
