2026-09-08T01:00:02Z|efbe207a-dbac-4b19-8364-30165f2f0f49|67447500861ebf042714fa84dd3ee1da4915ee4d90342ccb98ab9d0cd8f3f746|baseball_mlb|spread|2026-09-08T22:40:00Z
2026-09-08T01:00:02Z|2c5c876b-603c-4816-9bf2-b76eb073aa00|4a91bd0bc93a99f81f6efa6e5dd3f22f74a7f1fbf4ea0932da6377045cbf3515|baseball_mlb|spread|2026-09-08T22:35:00Z
2026-09-08T01:00:02Z|c7604727-e142-4f71-8172-dbc6f738d546|b6f6efdaee1143053ece0d7fd5429850019b8e8dbabae97701df6c03ff84e972|baseball_mlb|spread|2026-09-08T22:40:00Z
2026-09-08T01:00:02Z|8e7c4ccb-c3e7-4148-9e5d-33e4077a5285|02ff8dbc76960ccb724b6e2e67742ba5ca16a53264bd1937ad332af72e064454|baseball_mlb|spread|2026-09-08T22:45:00Z
2026-09-08T01:00:02Z|db323358-d17f-4ea7-a9b7-c88e1c11790c|c61e315baa9787954e0fa6c3aad0765cc9be18eec5969749f0522ff42453fc37|baseball_mlb|spread|2026-09-08T23:40:00Z
2026-09-08T01:00:02Z|e2d853e4-9c85-4f58-b48c-4dcf3037f26f|6d6207c7a24cf0ebb922a77dc71d73a2d86929d87f869413404c496184a8b2be|baseball_mlb|spread|2026-09-08T23:40:00Z
2026-09-08T01:00:02Z|16980f12-1c66-4bd2-b016-42d954087a3c|4df79ff3e6852c10f84227afcd8a7af0f896bdeb821dcdec8578dfec53f107fc|baseball_mlb|spread|2026-09-08T23:40:00Z
2026-09-08T01:00:02Z|3089d23d-94b3-4b40-9e0a-b8fdd95a6a10|13faf9f8f103a4d0fe64364d66ee741a49e64a3b1cc3452b4085eeb50a45fad9|baseball_mlb|moneyline|2026-09-08T22:40:00Z
2026-09-08T01:00:02Z|43905372-ad4d-49da-96da-c541e48c4c11|7f33e0ff32e75ee9f4c368554a0d7201c7f684796cf0f4d69bec3b04333e0fe3|baseball_mlb|moneyline|2026-09-08T22:35:00Z
2026-09-08T01:00:02Z|cb53cb7d-1d79-4a1e-b451-6940af2dab5c|03b8c6158c33bbd685f3983f584fea9ab75c5b3ab3358382d6727a0117284206|baseball_mlb|total|2026-09-08T22:40:00Z
2026-09-08T01:00:02Z|46dc1e27-2196-4e53-aaac-e2e1dc77627e|0d0ec2177a7435e7ea079f9f860b7d87f73a633f02e7f7b0134a640a2866e647|baseball_mlb|total|2026-09-08T22:40:00Z
2026-09-08T01:00:02Z|490df2ea-ee25-4599-8640-f2b8d1869e47|b679373f44408c5e004087b350c5733df0a7ee836ffd2fa297b9e95cc4d07d12|baseball_mlb|moneyline|2026-09-08T22:45:00Z
2026-09-08T01:00:02Z|6c3f57df-d194-4abf-a07f-eba924889835|e672ef33ecfd1c9d4f0b2e28245956a30fd9be042e665061924bb82a5e062494|baseball_mlb|moneyline|2026-09-08T23:15:00Z
2026-09-08T01:30:02Z|e866b93f-74bf-416b-94a7-fdda797711c2|fc8df4b739c55f3b35210c1a8e73f7a775332316e90a5da431c22e166f6fccc2|baseball_mlb|spread|2026-09-08T23:15:00Z
2026-09-08T01:30:02Z|d3652ab0-430b-4480-b5f5-8d427469334d|97986f47e80171cb132a32cf024390586d6415c2d1a09b749d23cac69e44d6e0|baseball_mlb|spread|2026-09-08T23:05:00Z
2026-09-08T01:30:02Z|2a1acf57-e186-463e-8e54-d909d85e851e|fee22761548138aedbefd43d7f49a88ac9378b9d7fb0fb1e892a1036d82351c3|baseball_mlb|spread|2026-09-08T22:40:00Z
2026-09-08T01:30:02Z|8f613ce4-8aab-45d9-9361-ea39ac442acb|7f1b9fc66e444b5f2b59739f396ffae766f6a11c044f6b5259bad9bfbc1da1d0|baseball_mlb|total|2026-09-08T23:05:00Z
2026-09-08T01:30:02Z|a5d83c52-d026-4acd-ab03-86967fab22c8|5b7f7fce75f46816b4fe20d59ccc5fd3c14f3f2e66dc4d0030b4fbbf24be9827|baseball_mlb|moneyline|2026-09-08T23:40:00Z
2026-09-08T01:30:02Z|9208e2c2-3d58-4347-b072-e70f2f9f8789|544cf570235d9e77fa2d58e601abf1dda9985bbb151aaf923638ed1c372de60b|baseball_mlb|moneyline|2026-09-08T23:40:00Z
2026-09-08T02:00:02Z|ead2beb0-aa71-419f-b6aa-5d6efe4e9125|227844507d333db2378e2d9b47b1b128e12674f3a915d2a7c309cbb54559f364|baseball_mlb|spread|2026-09-08T23:40:00Z
2026-09-08T02:00:02Z|839fec3d-92dd-40fb-97d0-1a86a93e57ec|b5044b92892af9b7fc24940d9aca693245a7d355ebad8e9b5c88ce9b052101c9|baseball_mlb|spread|2026-09-08T23:40:00Z
2026-09-08T02:00:02Z|4f901ec6-3dea-40b5-b8b6-a43ea1e8c5da|db41b5ba104a2717feeb6c1cf24aa3f026ea08a0985b1bf8c0dbf3e2b115016c|baseball_mlb|spread|2026-09-08T22:40:00Z
2026-09-08T02:00:02Z|97ca3175-c6c9-46db-9c36-067d0fd8d719|3d0504a51b49562ce718e0a4c67f3f0e296a760adb61ca5a13677758fd2dfedd|baseball_mlb|moneyline|2026-09-08T22:40:00Z
2026-09-08T02:00:02Z|dd9bf225-f78e-4bad-8e65-99b58294305f|06531d434b3ff32d936bb5169eb964b2486e35aac7afb358ea8a69e058ed73c1|baseball_mlb|moneyline|2026-09-08T23:40:00Z
2026-09-08T02:00:02Z|eda3ca28-9008-4a14-a866-8e73b4a7e572|f3e2b134a1183aca63c8aad7990c70d8177df4e08c07135b9983dbe248e5c38f|baseball_mlb|moneyline|2026-09-08T22:40:00Z
2026-09-08T02:30:02Z|221de685-b372-4bae-99c6-1519f1a89d7c|9d60198c2f9fd125b3fc6f69aac3aeee7da8ace84777d3120848a5405c2bf85f|baseball_mlb|moneyline|2026-09-08T23:05:00Z
2026-09-08T04:00:01Z|46f5fd1c-6f8f-4b26-b28b-983e99085cea|d20130b307024a64440776d64045832667bebe90d2c1c21ff8a75a86f294a77b|baseball_mlb|spread|2026-09-08T22:45:00Z
